[   0.000] === capture started ===
[   0.100] --> waking console (3x CR)
[   0.601] === console responded; nsh is up ===
[   0.602] 
[   0.602] NuttShell (NSH) NuttX-11.0.0
[   3.608] --> sending: uavcan status
[   3.708] nsh> [Kuavcan status
[   3.709] Pool allocator status:
[   3.709] 	Capacity hard/soft: 500/250 blocks
[   3.709] 	Reserved:  34 blocks
[   3.709] 	Allocated: 10 blocks
[   3.709] 
[   3.709] UAVCAN node status:
[   3.709] 	Internal failures: 0
[   3.709] 	Transfer errors:   0
[   3.709] 	RX transfers:      11
[   3.709] 	TX transfers:      149
[   3.709] 
[   3.709] CAN1 status:
[   3.709] 	HW errors: 0
[   3.709] 	IO errors: 0
[   3.709] 	RX frames: 11
[   3.709] 	TX frames: 223
[   3.709] CAN2 status:
[   3.709] 	HW errors: 229
[   3.709] 	IO errors: 245
[   3.709] 	RX frames: 0
[   3.709] 	TX frames: 207
[   3.709] 
[   3.709] Sensor 'flow':
[   3.709] name: uavcan_flow
[   3.709] 
[   3.709] Sensor 'mag':
[   3.709] name: uavcan_mag
[   3.709] 
[   3.709] Sensor 'rangefinder':
[   3.709] name: uavcan_rangefinder
[   3.709] 
[   3.709] Online nodes (Node ID, Health, Mode):
[   3.709] 
[   3.709] uavcan: cycle time: 1095 events, 4331719us elapsed, 3955.91us avg, min 10us max 1805318us 62714.934us rms
[   3.709] uavcan: cycle interval: 1096 events, 6884.83us avg, min 113us max 1805322us 62503.316us rms
[   3.709] nsh> [K
[   5.613] --> sending: uavcan status
[   5.714] nsh> [Kuavcan status
[   5.714] Pool allocator status:
[   5.714] 	Capacity hard/soft: 500/250 blocks
[   5.714] 	Reserved:  34 blocks
[   5.714] 	Allocated: 10 blocks
[   5.714] 
[   5.714] UAVCAN node status:
[   5.714] 	Internal failures: 0
[   5.714] 	Transfer errors:   0
[   5.714] 	RX transfers:      13
[   5.714] 	TX transfers:      185
[   5.714] 
[   5.714] CAN1 status:
[   5.714] 	HW errors: 0
[   5.714] 	IO errors: 0
[   5.714] 	RX frames: 13
[   5.714] 	TX frames: 281
[   5.714] CAN2 status:
[   5.714] 	HW errors: 284
[   5.714] 	IO errors: 300
[   5.714] 	RX frames: 0
[   5.714] 	TX frames: 265
[   5.714] 
[   5.714] Sensor 'flow':
[   5.714] name: uavcan_flow
[   5.714] 
[   5.714] Sensor 'mag':
[   5.714] name: uavcan_mag
[   5.714] 
[   5.714] Sensor 'rangefinder':
[   5.714] name: uavcan_rangefinder
[   5.714] 
[   5.714] Online nodes (Node ID, Health, Mode):
[   5.714] 
[   5.714] uavcan: cycle time: 1301 events, 5770978us elapsed, 4435.80us avg, min 10us max 1805318us 62005.148us rms
[   5.714] uavcan: cycle interval: 1301 events, 7361.28us avg, min 113us max 1805322us 61797.895us rms
[   5.714] nsh> [K
[   7.619] --> sending: uavcan status
[   7.719] nsh> [Kuavcan status
[   7.719] Pool allocator status:
[   7.719] 	Capacity hard/soft: 500/250 blocks
[   7.719] 	Reserved:  34 blocks
[   7.719] 	Allocated: 10 blocks
[   7.719] 
[   7.719] UAVCAN node status:
[   7.719] 	Internal failures: 0
[   7.719] 	Transfer errors:   0
[   7.719] 	RX transfers:      16
[   7.719] 	TX transfers:      221
[   7.719] 
[   7.719] CAN1 status:
[   7.719] 	HW errors: 0
[   7.719] 	IO errors: 0
[   7.719] 	RX frames: 16
[   7.719] 	TX frames: 338
[   7.719] CAN2 status:
[   7.719] 	HW errors: 354
[   7.719] 	IO errors: 370
[   7.719] 	RX frames: 0
[   7.719] 	TX frames: 322
[   7.719] 
[   7.719] Sensor 'flow':
[   7.719] name: uavcan_flow
[   7.719] 
[   7.719] Sensor 'mag':
[   7.719] name: uavcan_mag
[   7.719] 
[   7.719] Sensor 'rangefinder':
[   7.719] name: uavcan_rangefinder
[   7.719] 
[   7.719] Online nodes (Node ID, Health, Mode):
[   7.719] 
[   7.719] uavcan: cycle time: 1566 events, 7005426us elapsed, 4473.45us avg, min 10us max 1805318us 59288.648us rms
[   7.719] uavcan: cycle interval: 1566 events, 7395.31us avg, min 113us max 1805322us 59070.438us rms
[   7.719] nsh> [K
[   9.623] --> sending: uavcan status
[   9.723] nsh> [Kuavcan status
[   9.724] Pool allocator status:
[   9.724] 	Capacity hard/soft: 500/250 blocks
[   9.724] 	Reserved:  34 blocks
[   9.724] 	Allocated: 10 blocks
[   9.724] 
[   9.724] UAVCAN node status:
[   9.724] 	Internal failures: 0
[   9.724] 	Transfer errors:   0
[   9.724] 	RX transfers:      19
[   9.724] 	TX transfers:      253
[   9.724] 
[   9.724] CAN1 status:
[   9.724] 	HW errors: 0
[   9.724] 	IO errors: 0
[   9.724] 	RX frames: 19
[   9.724] 	TX frames: 389
[   9.724] CAN2 status:
[   9.724] 	HW errors: 411
[   9.724] 	IO errors: 427
[   9.724] 	RX frames: 0
[   9.724] 	TX frames: 373
[   9.724] 
[   9.724] Sensor 'flow':
[   9.724] name: uavcan_flow
[   9.724] 
[   9.724] Sensor 'mag':
[   9.724] name: uavcan_mag
[   9.724] 
[   9.724] Sensor 'rangefinder':
[   9.724] name: uavcan_rangefinder
[   9.724] 
[   9.724] Online nodes (Node ID, Health, Mode):
[   9.724] 
[   9.724] uavcan: cycle time: 1810 events, 7960932us elapsed, 4398.30us avg, min 10us max 1805318us 57432.883us rms
[   9.724] uavcan: cycle interval: 1811 events, 7319.58us avg, min 113us max 1805322us 57195.672us rms
[   9.724] nsh> [K
[  11.628] --> sending: uavcan status
[  11.729] nsh> [Kuavcan status
[  11.729] Pool allocator status:
[  11.729] 	Capacity hard/soft: 500/250 blocks
[  11.729] 	Reserved:  34 blocks
[  11.729] 	Allocated: 10 blocks
[  11.729] 
[  11.729] UAVCAN node status:
[  11.729] 	Internal failures: 0
[  11.729] 	Transfer errors:   0
[  11.729] 	RX transfers:      21
[  11.729] 	TX transfers:      294
[  11.729] 
[  11.729] CAN1 status:
[  11.729] 	HW errors: 0
[  11.729] 	IO errors: 0
[  11.729] 	RX frames: 21
[  11.729] 	TX frames: 453
[  11.729] CAN2 status:
[  11.729] 	HW errors: 480
[  11.729] 	IO errors: 496
[  11.729] 	RX frames: 0
[  11.729] 	TX frames: 437
[  11.729] 
[  11.729] Sensor 'flow':
[  11.729] name: uavcan_flow
[  11.729] 
[  11.729] Sensor 'mag':
[  11.729] name: uavcan_mag
[  11.729] 
[  11.729] Sensor 'rangefinder':
[  11.729] name: uavcan_rangefinder
[  11.729] 
[  11.729] Online nodes (Node ID, Health, Mode):
[  11.729] 
[  11.729] uavcan: cycle time: 2153 events, 9294144us elapsed, 4316.83us avg, min 10us max 1805318us 55190.414us rms
[  11.729] uavcan: cycle interval: 2154 events, 7238.55us avg, min 56us max 1805322us 54951.539us rms
[  11.729] nsh> [K
[  13.633] --> sending: uavcan status
[  13.734] nsh> [Kuavcan status
[  13.734] Pool allocator status:
[  13.734] 	Capacity hard/soft: 500/250 blocks
[  13.734] 	Reserved:  34 blocks
[  13.734] 	Allocated: 10 blocks
[  13.734] 
[  13.734] UAVCAN node status:
[  13.734] 	Internal failures: 0
[  13.734] 	Transfer errors:   0
[  13.734] 	RX transfers:      24
[  13.734] 	TX transfers:      325
[  13.734] 
[  13.734] CAN1 status:
[  13.734] 	HW errors: 0
[  13.734] 	IO errors: 0
[  13.734] 	RX frames: 24
[  13.734] 	TX frames: 504
[  13.734] CAN2 status:
[  13.734] 	HW errors: 538
[  13.734] 	IO errors: 554
[  13.734] 	RX frames: 0
[  13.734] 	TX frames: 488
[  13.734] 
[  13.734] Sensor 'flow':
[  13.734] name: uavcan_flow
[  13.734] 
[  13.734] Sensor 'mag':
[  13.734] name: uavcan_mag
[  13.734] 
[  13.734] Sensor 'rangefinder':
[  13.734] name: uavcan_rangefinder
[  13.734] 
[  13.734] Online nodes (Node ID, Health, Mode):
[  13.734] 
[  13.734] uavcan: cycle time: 2390 events, 10245224us elapsed, 4286.70us avg, min 10us max 1805318us 54193.098us rms
[  13.734] uavcan: cycle interval: 2391 events, 7210.47us avg, min 56us max 1805322us 53953.059us rms
[  13.734] nsh> [K
[  15.639] --> sending: uavcan status
[  15.739] nsh> [Kuavcan status
[  15.739] Pool allocator status:
[  15.739] 	Capacity hard/soft: 500/250 blocks
[  15.739] 	Reserved:  34 blocks
[  15.739] 	Allocated: 10 blocks
[  15.739] 
[  15.739] UAVCAN node status:
[  15.739] 	Internal failures: 0
[  15.739] 	Transfer errors:   0
[  15.739] 	RX transfers:      26
[  15.739] 	TX transfers:      366
[  15.739] 
[  15.739] CAN1 status:
[  15.739] 	HW errors: 0
[  15.739] 	IO errors: 0
[  15.739] 	RX frames: 26
[  15.739] 	TX frames: 567
[  15.739] CAN2 status:
[  15.739] 	HW errors: 605
[  15.739] 	IO errors: 621
[  15.739] 	RX frames: 0
[  15.739] 	TX frames: 551
[  15.739] 
[  15.739] Sensor 'flow':
[  15.739] name: uavcan_flow
[  15.739] 
[  15.739] Sensor 'mag':
[  15.739] name: uavcan_mag
[  15.739] 
[  15.739] Sensor 'rangefinder':
[  15.739] name: uavcan_rangefinder
[  15.740] 
[  15.740] Online nodes (Node ID, Health, Mode):
[  15.740] 
[  15.740] uavcan: cycle time: 2770 events, 11490012us elapsed, 4148.02us avg, min 10us max 1805318us 52142.133us rms
[  15.740] uavcan: cycle interval: 2771 events, 7074.65us avg, min 56us max 1805322us 51902.574us rms
[  15.740] nsh> [K
[  17.644] --> sending: uavcan status
[  17.744] nsh> [Kuavcan status
[  17.744] Pool allocator status:
[  17.744] 	Capacity hard/soft: 500/250 blocks
[  17.744] 	Reserved:  34 blocks
[  17.744] 	Allocated: 10 blocks
[  17.744] 
[  17.744] UAVCAN node status:
[  17.744] 	Internal failures: 0
[  17.744] 	Transfer errors:   0
[  17.744] 	RX transfers:      30
[  17.744] 	TX transfers:      400
[  17.744] 
[  17.744] CAN1 status:
[  17.744] 	HW errors: 0
[  17.744] 	IO errors: 0
[  17.744] 	RX frames: 30
[  17.744] 	TX frames: 621
[  17.744] CAN2 status:
[  17.744] 	HW errors: 646
[  17.744] 	IO errors: 662
[  17.744] 	RX frames: 0
[  17.744] 	TX frames: 605
[  17.744] 
[  17.744] Sensor 'flow':
[  17.744] name: uavcan_flow
[  17.744] 
[  17.744] Sensor 'mag':
[  17.744] name: uavcan_mag
[  17.744] 
[  17.744] Sensor 'rangefinder':
[  17.744] name: uavcan_rangefinder
[  17.744] 
[  17.744] Online nodes (Node ID, Health, Mode):
[  17.744] 
[  17.744] uavcan: cycle time: 2938 events, 12912903us elapsed, 4395.13us avg, min 10us max 1805318us 52867.648us rms
[  17.744] uavcan: cycle interval: 2939 events, 7318.92us avg, min 56us max 1805322us 52618.262us rms
[  17.744] nsh> [K
[  19.649] --> sending: uavcan status
[  19.750] nsh> [Kuavcan status
[  19.750] Pool allocator status:
[  19.750] 	Capacity hard/soft: 500/250 blocks
[  19.750] 	Reserved:  34 blocks
[  19.750] 	Allocated: 10 blocks
[  19.750] 
[  19.750] UAVCAN node status:
[  19.750] 	Internal failures: 0
[  19.750] 	Transfer errors:   0
[  19.750] 	RX transfers:      32
[  19.750] 	TX transfers:      436
[  19.750] 
[  19.750] CAN1 status:
[  19.750] 	HW errors: 0
[  19.750] 	IO errors: 0
[  19.750] 	RX frames: 32
[  19.750] 	TX frames: 679
[  19.750] CAN2 status:
[  19.750] 	HW errors: 731
[  19.750] 	IO errors: 747
[  19.750] 	RX frames: 0
[  19.750] 	TX frames: 663
[  19.750] 
[  19.750] Sensor 'flow':
[  19.750] name: uavcan_flow
[  19.750] 
[  19.750] Sensor 'mag':
[  19.750] name: uavcan_mag
[  19.750] 
[  19.750] Sensor 'rangefinder':
[  19.750] name: uavcan_rangefinder
[  19.750] 
[  19.750] Online nodes (Node ID, Health, Mode):
[  19.750] 
[  19.750] uavcan: cycle time: 3232 events, 14157354us elapsed, 4380.37us avg, min 10us max 1805318us 51955.996us rms
[  19.750] uavcan: cycle interval: 3232 events, 7305.33us avg, min 56us max 1805322us 51712.160us rms
[  19.750] nsh> [K
[  21.653] --> sending: uavcan status
[  21.753] nsh> [Kuavcan status
[  21.753] Pool allocator status:
[  21.753] 	Capacity hard/soft: 500/250 blocks
[  21.753] 	Reserved:  34 blocks
[  21.754] 	Allocated: 10 blocks
[  21.754] 
[  21.754] UAVCAN node status:
[  21.754] 	Internal failures: 0
[  21.754] 	Transfer errors:   0
[  21.754] 	RX transfers:      35
[  21.754] 	TX transfers:      468
[  21.754] 
[  21.754] CAN1 status:
[  21.754] 	HW errors: 0
[  21.754] 	IO errors: 0
[  21.754] 	RX frames: 35
[  21.754] 	TX frames: 732
[  21.754] CAN2 status:
[  21.754] 	HW errors: 781
[  21.754] 	IO errors: 797
[  21.754] 	RX frames: 0
[  21.754] 	TX frames: 716
[  21.754] 
[  21.754] Sensor 'flow':
[  21.754] name: uavcan_flow
[  21.754] 
[  21.754] Sensor 'mag':
[  21.754] name: uavcan_mag
[  21.754] 
[  21.754] Sensor 'rangefinder':
[  21.754] name: uavcan_rangefinder
[  21.754] 
[  21.754] Online nodes (Node ID, Health, Mode):
[  21.754] 
[  21.754] uavcan: cycle time: 3494 events, 15011302us elapsed, 4296.31us avg, min 10us max 1805318us 50994.809us rms
[  21.754] uavcan: cycle interval: 3495 events, 7220.44us avg, min 56us max 1805322us 50744.000us rms
[  21.754] nsh> [K
[  23.658] --> sending: uavcan status
[  23.759] nsh> [Kuavcan status
[  23.759] Pool allocator status:
[  23.759] 	Capacity hard/soft: 500/250 blocks
[  23.759] 	Reserved:  34 blocks
[  23.759] 	Allocated: 10 blocks
[  23.759] 
[  23.759] UAVCAN node status:
[  23.759] 	Internal failures: 0
[  23.759] 	Transfer errors:   0
[  23.759] 	RX transfers:      38
[  23.759] 	TX transfers:      509
[  23.759] 
[  23.759] CAN1 status:
[  23.759] 	HW errors: 0
[  23.759] 	IO errors: 0
[  23.759] 	RX frames: 38
[  23.759] 	TX frames: 794
[  23.759] CAN2 status:
[  23.759] 	HW errors: 849
[  23.759] 	IO errors: 865
[  23.759] 	RX frames: 0
[  23.759] 	TX frames: 778
[  23.759] 
[  23.759] Sensor 'flow':
[  23.759] name: uavcan_flow
[  23.759] 
[  23.759] Sensor 'mag':
[  23.759] name: uavcan_mag
[  23.759] 
[  23.759] Sensor 'rangefinder':
[  23.759] name: uavcan_rangefinder
[  23.759] 
[  23.759] Online nodes (Node ID, Health, Mode):
[  23.759] 
[  23.759] uavcan: cycle time: 3816 events, 16443247us elapsed, 4309.03us avg, min 10us max 1805318us 50612.645us rms
[  23.759] uavcan: cycle interval: 3817 events, 7234.13us avg, min 56us max 1805322us 50359.813us rms
[  23.759] nsh> [K
[  25.664] --> sending: uavcan status
[  25.764] nsh> [Kuavcan status
[  25.764] Pool allocator status:
[  25.764] 	Capacity hard/soft: 500/250 blocks
[  25.764] 	Reserved:  34 blocks
[  25.764] 	Allocated: 10 blocks
[  25.764] 
[  25.764] UAVCAN node status:
[  25.764] 	Internal failures: 0
[  25.764] 	Transfer errors:   0
[  25.764] 	RX transfers:      40
[  25.764] 	TX transfers:      544
[  25.764] 
[  25.764] CAN1 status:
[  25.764] 	HW errors: 0
[  25.764] 	IO errors: 0
[  25.764] 	RX frames: 40
[  25.764] 	TX frames: 851
[  25.764] CAN2 status:
[  25.764] 	HW errors: 912
[  25.764] 	IO errors: 928
[  25.764] 	RX frames: 0
[  25.764] 	TX frames: 835
[  25.764] 
[  25.764] Sensor 'flow':
[  25.764] name: uavcan_flow
[  25.764] 
[  25.764] Sensor 'mag':
[  25.764] name: uavcan_mag
[  25.764] 
[  25.764] Sensor 'rangefinder':
[  25.764] name: uavcan_rangefinder
[  25.764] 
[  25.764] Online nodes (Node ID, Health, Mode):
[  25.764] 
[  25.764] uavcan: cycle time: 4081 events, 17684072us elapsed, 4333.27us avg, min 10us max 1805318us 50198.164us rms
[  25.764] uavcan: cycle interval: 4081 events, 7259.45us avg, min 56us max 1805322us 49948.449us rms
[  25.764] nsh> [K
[  27.668] --> sending: uavcan status
[  27.768] nsh> [Kuavcan status
[  27.768] Pool allocator status:
[  27.768] 	Capacity hard/soft: 500/250 blocks
[  27.768] 	Reserved:  34 blocks
[  27.768] 	Allocated: 10 blocks
[  27.768] 
[  27.768] UAVCAN node status:
[  27.768] 	Internal failures: 0
[  27.768] 	Transfer errors:   0
[  27.768] 	RX transfers:      43
[  27.768] 	TX transfers:      573
[  27.768] 
[  27.768] CAN1 status:
[  27.768] 	HW errors: 0
[  27.768] 	IO errors: 0
[  27.768] 	RX frames: 43
[  27.768] 	TX frames: 898
[  27.768] CAN2 status:
[  27.768] 	HW errors: 958
[  27.768] 	IO errors: 974
[  27.768] 	RX frames: 0
[  27.768] 	TX frames: 882
[  27.768] 
[  27.768] Sensor 'flow':
[  27.768] name: uavcan_flow
[  27.768] 
[  27.768] Sensor 'mag':
[  27.768] name: uavcan_mag
[  27.768] 
[  27.768] Sensor 'rangefinder':
[  27.768] name: uavcan_rangefinder
[  27.768] 
[  27.768] Online nodes (Node ID, Health, Mode):
[  27.768] 
[  27.768] uavcan: cycle time: 4344 events, 18450756us elapsed, 4247.41us avg, min 10us max 1805318us 49487.813us rms
[  27.768] uavcan: cycle interval: 4345 events, 7172.55us avg, min 35us max 1805322us 49234.008us rms
[  27.768] nsh> [K
[  29.672] --> sending: uavcan status
[  29.773] nsh> [Kuavcan status
[  29.773] Pool allocator status:
[  29.773] 	Capacity hard/soft: 500/250 blocks
[  29.773] 	Reserved:  34 blocks
[  29.773] 	Allocated: 10 blocks
[  29.773] 
[  29.773] UAVCAN node status:
[  29.773] 	Internal failures: 0
[  29.773] 	Transfer errors:   0
[  29.773] 	RX transfers:      46
[  29.773] 	TX transfers:      616
[  29.773] 
[  29.773] CAN1 status:
[  29.773] 	HW errors: 0
[  29.773] 	IO errors: 0
[  29.773] 	RX frames: 46
[  29.773] 	TX frames: 963
[  29.773] CAN2 status:
[  29.773] 	HW errors: 1028
[  29.773] 	IO errors: 1044
[  29.773] 	RX frames: 0
[  29.773] 	TX frames: 947
[  29.773] 
[  29.773] Sensor 'flow':
[  29.773] name: uavcan_flow
[  29.773] 
[  29.773] Sensor 'mag':
[  29.773] name: uavcan_mag
[  29.773] 
[  29.773] Sensor 'rangefinder':
[  29.773] name: uavcan_rangefinder
[  29.773] 
[  29.773] Online nodes (Node ID, Health, Mode):
[  29.773] 
[  29.773] uavcan: cycle time: 4676 events, 19870377us elapsed, 4249.44us avg, min 9us max 1805318us 49193.004us rms
[  29.773] uavcan: cycle interval: 4677 events, 7174.03us avg, min 35us max 1805322us 48938.121us rms
[  29.773] nsh> [K
[  31.677] --> sending: uavcan status
[  31.778] nsh> [Kuavcan status
[  31.778] Pool allocator status:
[  31.778] 	Capacity hard/soft: 500/250 blocks
[  31.778] 	Reserved:  34 blocks
[  31.778] 	Allocated: 10 blocks
[  31.778] 
[  31.778] UAVCAN node status:
[  31.778] 	Internal failures: 0
[  31.778] 	Transfer errors:   0
[  31.778] 	RX transfers:      48
[  31.778] 	TX transfers:      645
[  31.778] 
[  31.778] CAN1 status:
[  31.778] 	HW errors: 0
[  31.778] 	IO errors: 0
[  31.778] 	RX frames: 48
[  31.778] 	TX frames: 1012
[  31.778] CAN2 status:
[  31.778] 	HW errors: 1078
[  31.778] 	IO errors: 1094
[  31.778] 	RX frames: 0
[  31.778] 	TX frames: 996
[  31.778] 
[  31.778] Sensor 'flow':
[  31.778] name: uavcan_flow
[  31.778] 
[  31.778] Sensor 'mag':
[  31.778] name: uavcan_mag
[  31.778] 
[  31.778] Sensor 'rangefinder':
[  31.778] name: uavcan_rangefinder
[  31.778] 
[  31.778] Online nodes (Node ID, Health, Mode):
[  31.778] 
[  31.778] uavcan: cycle time: 4919 events, 20725657us elapsed, 4213.39us avg, min 9us max 1805318us 48725.141us rms
[  31.778] uavcan: cycle interval: 4920 events, 7138.57us avg, min 35us max 1805322us 48470.246us rms
[  31.778] nsh> [K
[  33.681] --> sending: uavcan status
[  33.781] nsh> [Kuavcan status
[  33.781] Pool allocator status:
[  33.781] 	Capacity hard/soft: 500/250 blocks
[  33.781] 	Reserved:  34 blocks
[  33.781] 	Allocated: 10 blocks
[  33.781] 
[  33.781] UAVCAN node status:
[  33.781] 	Internal failures: 0
[  33.781] 	Transfer errors:   0
[  33.781] 	RX transfers:      51
[  33.781] 	TX transfers:      682
[  33.781] 
[  33.781] CAN1 status:
[  33.781] 	HW errors: 0
[  33.781] 	IO errors: 0
[  33.782] 	RX frames: 51
[  33.782] 	TX frames: 1071
[  33.782] CAN2 status:
[  33.782] 	HW errors: 1138
[  33.782] 	IO errors: 1154
[  33.782] 	RX frames: 0
[  33.782] 	TX frames: 1055
[  33.782] 
[  33.782] Sensor 'flow':
[  33.782] name: uavcan_flow
[  33.782] 
[  33.782] Sensor 'mag':
[  33.782] name: uavcan_mag
[  33.782] 
[  33.782] Sensor 'rangefinder':
[  33.782] name: uavcan_rangefinder
[  33.782] 
[  33.782] Online nodes (Node ID, Health, Mode):
[  33.782] 
[  33.782] uavcan: cycle time: 5168 events, 22144876us elapsed, 4285.00us avg, min 9us max 1805318us 48893.645us rms
[  33.782] uavcan: cycle interval: 5169 events, 7209.37us avg, min 35us max 1805322us 48635.652us rms
[  33.782] nsh> [K
[  35.685] --> sending: uavcan status
[  35.786] nsh> [Kuavcan status
[  35.786] Pool allocator status:
[  35.786] 	Capacity hard/soft: 500/250 blocks
[  35.786] 	Reserved:  34 blocks
[  35.786] 	Allocated: 10 blocks
[  35.786] 
[  35.786] UAVCAN node status:
[  35.786] 	Internal failures: 0
[  35.786] 	Transfer errors:   0
[  35.786] 	RX transfers:      53
[  35.786] 	TX transfers:      725
[  35.786] 
[  35.786] CAN1 status:
[  35.786] 	HW errors: 0
[  35.786] 	IO errors: 0
[  35.786] 	RX frames: 53
[  35.786] 	TX frames: 1136
[  35.786] CAN2 status:
[  35.786] 	HW errors: 1204
[  35.786] 	IO errors: 1220
[  35.786] 	RX frames: 0
[  35.786] 	TX frames: 1120
[  35.786] 
[  35.786] Sensor 'flow':
[  35.786] name: uavcan_flow
[  35.786] 
[  35.786] Sensor 'mag':
[  35.786] name: uavcan_mag
[  35.786] 
[  35.786] Sensor 'rangefinder':
[  35.786] name: uavcan_rangefinder
[  35.786] 
[  35.786] Online nodes (Node ID, Health, Mode):
[  35.786] 
[  35.786] uavcan: cycle time: 5497 events, 23565546us elapsed, 4286.98us avg, min 9us max 1805318us 48692.289us rms
[  35.786] uavcan: cycle interval: 5497 events, 7212.81us avg, min 35us max 1805322us 48437.691us rms
[  35.786] nsh> [K
[  37.691] --> sending: uavcan status
[  37.791] nsh> [Kuavcan status
[  37.791] Pool allocator status:
[  37.791] 	Capacity hard/soft: 500/250 blocks
[  37.791] 	Reserved:  34 blocks
[  37.791] 	Allocated: 10 blocks
[  37.791] 
[  37.791] UAVCAN node status:
[  37.791] 	Internal failures: 0
[  37.791] 	Transfer errors:   0
[  37.791] 	RX transfers:      56
[  37.791] 	TX transfers:      760
[  37.791] 
[  37.791] CAN1 status:
[  37.791] 	HW errors: 0
[  37.791] 	IO errors: 0
[  37.791] 	RX frames: 56
[  37.791] 	TX frames: 1190
[  37.791] CAN2 status:
[  37.792] 	HW errors: 1259
[  37.792] 	IO errors: 1275
[  37.792] 	RX frames: 0
[  37.792] 	TX frames: 1174
[  37.792] 
[  37.792] Sensor 'flow':
[  37.792] name: uavcan_flow
[  37.792] 
[  37.792] Sensor 'mag':
[  37.792] name: uavcan_mag
[  37.792] 
[  37.792] Sensor 'rangefinder':
[  37.792] name: uavcan_rangefinder
[  37.792] 
[  37.792] Online nodes (Node ID, Health, Mode):
[  37.792] 
[  37.792] uavcan: cycle time: 5790 events, 24715633us elapsed, 4268.68us avg, min 9us max 1805318us 48344.852us rms
[  37.792] uavcan: cycle interval: 5790 events, 7193.92us avg, min 35us max 1805322us 48089.688us rms
[  37.792] nsh> [K
[  39.696] --> sending: uavcan status
[  39.797] nsh> [Kuavcan status
[  39.797] Pool allocator status:
[  39.797] 	Capacity hard/soft: 500/250 blocks
[  39.797] 	Reserved:  34 blocks
[  39.797] 	Allocated: 10 blocks
[  39.797] 
[  39.797] UAVCAN node status:
[  39.797] 	Internal failures: 0
[  39.797] 	Transfer errors:   0
[  39.797] 	RX transfers:      59
[  39.797] 	TX transfers:      790
[  39.797] 
[  39.797] CAN1 status:
[  39.797] 	HW errors: 0
[  39.797] 	IO errors: 0
[  39.797] 	RX frames: 59
[  39.797] 	TX frames: 1240
[  39.797] CAN2 status:
[  39.797] 	HW errors: 1320
[  39.797] 	IO errors: 1336
[  39.797] 	RX frames: 0
[  39.797] 	TX frames: 1224
[  39.797] 
[  39.797] Sensor 'flow':
[  39.797] name: uavcan_flow
[  39.797] 
[  39.797] Sensor 'mag':
[  39.797] name: uavcan_mag
[  39.797] 
[  39.797] Sensor 'rangefinder':
[  39.797] name: uavcan_rangefinder
[  39.797] 
[  39.797] Online nodes (Node ID, Health, Mode):
[  39.797] 
[  39.797] uavcan: cycle time: 6044 events, 25578634us elapsed, 4232.07us avg, min 9us max 1805318us 47961.730us rms
[  39.797] uavcan: cycle interval: 6045 events, 7156.66us avg, min 35us max 1805322us 47702.809us rms
[  39.797] nsh> [K
[  41.700] --> sending: uavcan status
[  41.801] nsh> [Kuavcan status
[  41.801] Pool allocator status:
[  41.801] 	Capacity hard/soft: 500/250 blocks
[  41.801] 	Reserved:  34 blocks
[  41.801] 	Allocated: 10 blocks
[  41.801] 
[  41.801] UAVCAN node status:
[  41.801] 	Internal failures: 0
[  41.801] 	Transfer errors:   0
[  41.801] 	RX transfers:      62
[  41.801] 	TX transfers:      833
[  41.801] 
[  41.801] CAN1 status:
[  41.801] 	HW errors: 0
[  41.801] 	IO errors: 0
[  41.801] 	RX frames: 62
[  41.801] 	TX frames: 1305
[  41.801] CAN2 status:
[  41.801] 	HW errors: 1376
[  41.801] 	IO errors: 1392
[  41.801] 	RX frames: 0
[  41.801] 	TX frames: 1289
[  41.801] 
[  41.801] Sensor 'flow':
[  41.801] name: uavcan_flow
[  41.801] 
[  41.801] Sensor 'mag':
[  41.801] name: uavcan_mag
[  41.801] 
[  41.801] Sensor 'rangefinder':
[  41.801] name: uavcan_rangefinder
[  41.801] 
[  41.801] Online nodes (Node ID, Health, Mode):
[  41.801] 
[  41.801] uavcan: cycle time: 6377 events, 27001802us elapsed, 4234.25us avg, min 9us max 1805318us 47820.480us rms
[  41.801] uavcan: cycle interval: 6378 events, 7159.28us avg, min 35us max 1805322us 47560.828us rms
[  41.801] nsh> [K
[  43.704] --> sending: uavcan status
[  43.805] nsh> [Kuavcan status
[  43.805] Pool allocator status:
[  43.805] 	Capacity hard/soft: 500/250 blocks
[  43.805] 	Reserved:  34 blocks
[  43.805] 	Allocated: 10 blocks
[  43.805] 
[  43.805] UAVCAN node status:
[  43.805] 	Internal failures: 0
[  43.805] 	Transfer errors:   0
[  43.805] 	RX transfers:      64
[  43.805] 	TX transfers:      869
[  43.805] 
[  43.805] CAN1 status:
[  43.805] 	HW errors: 0
[  43.805] 	IO errors: 0
[  43.805] 	RX frames: 64
[  43.805] 	TX frames: 1362
[  43.805] CAN2 status:
[  43.805] 	HW errors: 1446
[  43.805] 	IO errors: 1462
[  43.805] 	RX frames: 0
[  43.805] 	TX frames: 1346
[  43.805] 
[  43.805] Sensor 'flow':
[  43.805] name: uavcan_flow
[  43.805] 
[  43.805] Sensor 'mag':
[  43.805] name: uavcan_mag
[  43.805] 
[  43.805] Sensor 'rangefinder':
[  43.805] name: uavcan_rangefinder
[  43.805] 
[  43.805] Online nodes (Node ID, Health, Mode):
[  43.805] 
[  43.805] uavcan: cycle time: 6639 events, 28241670us elapsed, 4253.90us avg, min 9us max 1805318us 47678.406us rms
[  43.805] uavcan: cycle interval: 6640 events, 7178.89us avg, min 35us max 1805322us 47416.902us rms
[  43.805] nsh> [K
[  45.708] --> sending: uavcan status
[  45.809] nsh> [Kuavcan status
[  45.809] Pool allocator status:
[  45.809] 	Capacity hard/soft: 500/250 blocks
[  45.809] 	Reserved:  34 blocks
[  45.809] 	Allocated: 10 blocks
[  45.809] 
[  45.809] UAVCAN node status:
[  45.809] 	Internal failures: 0
[  45.809] 	Transfer errors:   0
[  45.809] 	RX transfers:      67
[  45.809] 	TX transfers:      900
[  45.809] 
[  45.809] CAN1 status:
[  45.809] 	HW errors: 0
[  45.809] 	IO errors: 0
[  45.809] 	RX frames: 67
[  45.809] 	TX frames: 1413
[  45.809] CAN2 status:
[  45.809] 	HW errors: 1501
[  45.809] 	IO errors: 1517
[  45.809] 	RX frames: 0
[  45.809] 	TX frames: 1397
[  45.809] 
[  45.809] Sensor 'flow':
[  45.809] name: uavcan_flow
[  45.809] 
[  45.809] Sensor 'mag':
[  45.809] name: uavcan_mag
[  45.809] 
[  45.809] Sensor 'rangefinder':
[  45.809] name: uavcan_rangefinder
[  45.809] 
[  45.809] Online nodes (Node ID, Health, Mode):
[  45.809] 
[  45.809] uavcan: cycle time: 6947 events, 29100676us elapsed, 4188.96us avg, min 9us max 1805318us 47169.805us rms
[  45.809] uavcan: cycle interval: 6948 events, 7114.03us avg, min 35us max 1805322us 46909.719us rms
[  45.809] nsh> [K
[  47.713] --> sending: uavcan status
[  47.813] nsh> [Kuavcan status
[  47.813] Pool allocator status:
[  47.813] 	Capacity hard/soft: 500/250 blocks
[  47.813] 	Reserved:  34 blocks
[  47.813] 	Allocated: 10 blocks
[  47.813] 
[  47.813] UAVCAN node status:
[  47.813] 	Internal failures: 0
[  47.813] 	Transfer errors:   0
[  47.813] 	RX transfers:      70
[  47.813] 	TX transfers:      937
[  47.813] 
[  47.813] CAN1 status:
[  47.813] 	HW errors: 0
[  47.813] 	IO errors: 0
[  47.813] 	RX frames: 70
[  47.813] 	TX frames: 1471
[  47.813] CAN2 status:
[  47.813] 	HW errors: 1563
[  47.813] 	IO errors: 1579
[  47.813] 	RX frames: 0
[  47.813] 	TX frames: 1455
[  47.813] 
[  47.813] Sensor 'flow':
[  47.813] name: uavcan_flow
[  47.813] 
[  47.813] Sensor 'mag':
[  47.813] name: uavcan_mag
[  47.813] 
[  47.813] Sensor 'rangefinder':
[  47.813] name: uavcan_rangefinder
[  47.813] 
[  47.813] Online nodes (Node ID, Health, Mode):
[  47.813] 
[  47.813] uavcan: cycle time: 7138 events, 30526379us elapsed, 4276.60us avg, min 9us max 1805318us 47551.762us rms
[  47.813] uavcan: cycle interval: 7139 events, 7200.15us avg, min 30us max 1805322us 47288.535us rms
[  47.813] nsh> [K
[  49.717] --> sending: uavcan status
[  49.817] nsh> [Kuavcan status
[  49.818] Pool allocator status:
[  49.818] 	Capacity hard/soft: 500/250 blocks
[  49.818] 	Reserved:  34 blocks
[  49.818] 	Allocated: 10 blocks
[  49.818] 
[  49.818] UAVCAN node status:
[  49.818] 	Internal failures: 0
[  49.818] 	Transfer errors:   0
[  49.818] 	RX transfers:      73
[  49.818] 	TX transfers:      974
[  49.818] 
[  49.818] CAN1 status:
[  49.818] 	HW errors: 0
[  49.818] 	IO errors: 0
[  49.818] 	RX frames: 73
[  49.818] 	TX frames: 1528
[  49.818] CAN2 status:
[  49.818] 	HW errors: 1629
[  49.818] 	IO errors: 1645
[  49.818] 	RX frames: 0
[  49.818] 	TX frames: 1512
[  49.818] 
[  49.818] Sensor 'flow':
[  49.818] name: uavcan_flow
[  49.818] 
[  49.818] Sensor 'mag':
[  49.818] name: uavcan_mag
[  49.818] 
[  49.818] Sensor 'rangefinder':
[  49.818] name: uavcan_rangefinder
[  49.818] 
[  49.818] Online nodes (Node ID, Health, Mode):
[  49.818] 
[  49.818] uavcan: cycle time: 7403 events, 31764763us elapsed, 4290.80us avg, min 9us max 1805318us 47418.949us rms
[  49.818] uavcan: cycle interval: 7404 events, 7213.66us avg, min 30us max 1805322us 47154.066us rms
[  49.818] nsh> [K
[  51.721] --> sending: uavcan status
[  51.822] nsh> [Kuavcan status
[  51.822] Pool allocator status:
[  51.822] 	Capacity hard/soft: 500/250 blocks
[  51.822] 	Reserved:  34 blocks
[  51.822] 	Allocated: 10 blocks
[  51.822] 
[  51.822] UAVCAN node status:
[  51.822] 	Internal failures: 0
[  51.822] 	Transfer errors:   0
[  51.822] 	RX transfers:      75
[  51.822] 	TX transfers:      1013
[  51.822] 
[  51.822] CAN1 status:
[  51.822] 	HW errors: 0
[  51.822] 	IO errors: 0
[  51.822] 	RX frames: 75
[  51.822] 	TX frames: 1591
[  51.822] CAN2 status:
[  51.822] 	HW errors: 1702
[  51.822] 	IO errors: 1718
[  51.822] 	RX frames: 0
[  51.822] 	TX frames: 1575
[  51.822] 
[  51.822] Sensor 'flow':
[  51.822] name: uavcan_flow
[  51.822] 
[  51.822] Sensor 'mag':
[  51.822] name: uavcan_mag
[  51.822] 
[  51.822] Sensor 'rangefinder':
[  51.822] name: uavcan_rangefinder
[  51.822] 
[  51.822] Online nodes (Node ID, Health, Mode):
[  51.822] 
[  51.822] uavcan: cycle time: 7691 events, 33199210us elapsed, 4316.63us avg, min 9us max 1805318us 47479.613us rms
[  51.822] uavcan: cycle interval: 7691 events, 7240.25us avg, min 30us max 1805322us 47216.527us rms
[  51.822] nsh> [K
[  53.727] --> sending: uavcan status
[  53.827] nsh> [Kuavcan status
[  53.827] Pool allocator status:
[  53.827] 	Capacity hard/soft: 500/250 blocks
[  53.827] 	Reserved:  34 blocks
[  53.827] 	Allocated: 10 blocks
[  53.827] 
[  53.827] UAVCAN node status:
[  53.827] 	Internal failures: 0
[  53.827] 	Transfer errors:   0
[  53.827] 	RX transfers:      78
[  53.827] 	TX transfers:      1051
[  53.827] 
[  53.827] CAN1 status:
[  53.827] 	HW errors: 0
[  53.827] 	IO errors: 0
[  53.827] 	RX frames: 78
[  53.827] 	TX frames: 1649
[  53.827] CAN2 status:
[  53.827] 	HW errors: 1757
[  53.827] 	IO errors: 1773
[  53.827] 	RX frames: 0
[  53.827] 	TX frames: 1633
[  53.827] 
[  53.827] Sensor 'flow':
[  53.827] name: uavcan_flow
[  53.827] 
[  53.827] Sensor 'mag':
[  53.827] name: uavcan_mag
[  53.827] 
[  53.827] Sensor 'rangefinder':
[  53.827] name: uavcan_rangefinder
[  53.827] 
[  53.827] Online nodes (Node ID, Health, Mode):
[  53.827] 
[  53.827] uavcan: cycle time: 7955 events, 34433618us elapsed, 4328.55us avg, min 9us max 1805318us 47358.555us rms
[  53.827] uavcan: cycle interval: 7955 events, 7251.77us avg, min 30us max 1805322us 47093.852us rms
[  53.827] nsh> [K
[  55.730] --> sending: uavcan status
[  55.831] nsh> [Kuavcan status
[  55.831] Pool allocator status:
[  55.831] 	Capacity hard/soft: 500/250 blocks
[  55.831] 	Reserved:  34 blocks
[  55.831] 	Allocated: 10 blocks
[  55.831] 
[  55.831] UAVCAN node status:
[  55.831] 	Internal failures: 0
[  55.831] 	Transfer errors:   0
[  55.831] 	RX transfers:      81
[  55.831] 	TX transfers:      1084
[  55.831] 
[  55.831] CAN1 status:
[  55.831] 	HW errors: 0
[  55.831] 	IO errors: 0
[  55.831] 	RX frames: 81
[  55.831] 	TX frames: 1701
[  55.831] CAN2 status:
[  55.831] 	HW errors: 1824
[  55.831] 	IO errors: 1840
[  55.831] 	RX frames: 0
[  55.831] 	TX frames: 1685
[  55.831] 
[  55.831] Sensor 'flow':
[  55.831] name: uavcan_flow
[  55.831] 
[  55.831] Sensor 'mag':
[  55.831] name: uavcan_mag
[  55.831] 
[  55.831] Sensor 'rangefinder':
[  55.831] name: uavcan_rangefinder
[  55.831] 
[  55.831] Online nodes (Node ID, Health, Mode):
[  55.831] 
[  55.831] uavcan: cycle time: 8255 events, 35385036us elapsed, 4286.50us avg, min 9us max 1805318us 47088.227us rms
[  55.831] uavcan: cycle interval: 8256 events, 7209.91us avg, min 30us max 1805322us 46821.430us rms
[  55.831] nsh> [K
[  57.735] --> sending: uavcan status
[  57.835] nsh> [Kuavcan status
[  57.835] Pool allocator status:
[  57.835] 	Capacity hard/soft: 500/250 blocks
[  57.835] 	Reserved:  34 blocks
[  57.835] 	Allocated: 10 blocks
[  57.835] 
[  57.835] UAVCAN node status:
[  57.835] 	Internal failures: 0
[  57.835] 	Transfer errors:   0
[  57.835] 	RX transfers:      84
[  57.835] 	TX transfers:      1120
[  57.835] 
[  57.835] CAN1 status:
[  57.835] 	HW errors: 0
[  57.835] 	IO errors: 0
[  57.835] 	RX frames: 84
[  57.835] 	TX frames: 1759
[  57.835] CAN2 status:
[  57.835] 	HW errors: 1886
[  57.835] 	IO errors: 1902
[  57.835] 	RX frames: 0
[  57.835] 	TX frames: 1743
[  57.835] 
[  57.835] Sensor 'flow':
[  57.835] name: uavcan_flow
[  57.835] 
[  57.835] Sensor 'mag':
[  57.835] name: uavcan_mag
[  57.835] 
[  57.835] Sensor 'rangefinder':
[  57.835] name: uavcan_rangefinder
[  57.835] 
[  57.835] Online nodes (Node ID, Health, Mode):
[  57.836] 
[  57.836] uavcan: cycle time: 8468 events, 36720870us elapsed, 4336.43us avg, min 9us max 1805318us 47235.199us rms
[  57.836] uavcan: cycle interval: 8469 events, 7259.71us avg, min 30us max 1805322us 46966.141us rms
[  57.836] nsh> [K
[  59.740] --> sending: uavcan status
[  59.841] nsh> [Kuavcan status
[  59.841] Pool allocator status:
[  59.841] 	Capacity hard/soft: 500/250 blocks
[  59.841] 	Reserved:  34 blocks
[  59.841] 	Allocated: 10 blocks
[  59.841] 
[  59.841] UAVCAN node status:
[  59.841] 	Internal failures: 0
[  59.841] 	Transfer errors:   0
[  59.841] 	RX transfers:      86
[  59.841] 	TX transfers:      1154
[  59.841] 
[  59.841] CAN1 status:
[  59.841] 	HW errors: 0
[  59.841] 	IO errors: 0
[  59.841] 	RX frames: 86
[  59.841] 	TX frames: 1814
[  59.841] CAN2 status:
[  59.841] 	HW errors: 1940
[  59.841] 	IO errors: 1956
[  59.841] 	RX frames: 0
[  59.841] 	TX frames: 1798
[  59.841] 
[  59.841] Sensor 'flow':
[  59.841] name: uavcan_flow
[  59.841] 
[  59.841] Sensor 'mag':
[  59.841] name: uavcan_mag
[  59.841] 
[  59.841] Sensor 'rangefinder':
[  59.841] name: uavcan_rangefinder
[  59.841] 
[  59.841] Online nodes (Node ID, Health, Mode):
[  59.841] 
[  59.841] uavcan: cycle time: 8774 events, 37671114us elapsed, 4293.49us avg, min 9us max 1805318us 46967.531us rms
[  59.841] uavcan: cycle interval: 8775 events, 7217.24us avg, min 30us max 1805322us 46699.559us rms
[  59.841] nsh> [K
[  61.745] --> sending: uavcan status
[  61.846] nsh> [Kuavcan status
[  61.846] Pool allocator status:
[  61.846] 	Capacity hard/soft: 500/250 blocks
[  61.846] 	Reserved:  34 blocks
[  61.846] 	Allocated: 10 blocks
[  61.846] 
[  61.846] UAVCAN node status:
[  61.846] 	Internal failures: 0
[  61.846] 	Transfer errors:   0
[  61.846] 	RX transfers:      88
[  61.846] 	TX transfers:      1195
[  61.846] 
[  61.846] CAN1 status:
[  61.846] 	HW errors: 0
[  61.846] 	IO errors: 0
[  61.846] 	RX frames: 88
[  61.846] 	TX frames: 1875
[  61.846] CAN2 status:
[  61.846] 	HW errors: 2009
[  61.846] 	IO errors: 2025
[  61.846] 	RX frames: 0
[  61.846] 	TX frames: 1859
[  61.846] 
[  61.846] Sensor 'flow':
[  61.846] name: uavcan_flow
[  61.846] 
[  61.846] Sensor 'mag':
[  61.846] name: uavcan_mag
[  61.846] 
[  61.846] Sensor 'rangefinder':
[  61.846] name: uavcan_rangefinder
[  61.846] 
[  61.846] Online nodes (Node ID, Health, Mode):
[  61.846] 
[  61.846] uavcan: cycle time: 9162 events, 38912320us elapsed, 4247.14us avg, min 9us max 1805318us 46564.141us rms
[  61.846] uavcan: cycle interval: 9162 events, 7171.67us avg, min 30us max 1805322us 46299.168us rms
[  61.846] nsh> [K
[  63.751] --> sending: uavcan status
[  63.851] nsh> [Kuavcan status
[  63.851] Pool allocator status:
[  63.851] 	Capacity hard/soft: 500/250 blocks
[  63.851] 	Reserved:  34 blocks
[  63.851] 	Allocated: 10 blocks
[  63.851] 
[  63.851] UAVCAN node status:
[  63.851] 	Internal failures: 0
[  63.851] 	Transfer errors:   0
[  63.851] 	RX transfers:      91
[  63.851] 	TX transfers:      1227
[  63.851] 
[  63.851] CAN1 status:
[  63.851] 	HW errors: 0
[  63.851] 	IO errors: 0
[  63.851] 	RX frames: 91
[  63.851] 	TX frames: 1929
[  63.851] CAN2 status:
[  63.851] 	HW errors: 2071
[  63.851] 	IO errors: 2087
[  63.851] 	RX frames: 0
[  63.851] 	TX frames: 1913
[  63.851] 
[  63.851] Sensor 'flow':
[  63.851] name: uavcan_flow
[  63.851] 
[  63.851] Sensor 'mag':
[  63.851] name: uavcan_mag
[  63.851] 
[  63.851] Sensor 'rangefinder':
[  63.851] name: uavcan_rangefinder
[  63.851] 
[  63.851] Online nodes (Node ID, Health, Mode):
[  63.851] 
[  63.851] uavcan: cycle time: 9451 events, 39770693us elapsed, 4208.09us avg, min 9us max 1805318us 46267.152us rms
[  63.851] uavcan: cycle interval: 9452 events, 7132.38us avg, min 30us max 1805322us 46000.711us rms
[  63.851] nsh> [K
[  65.757] --> sending: uavcan status
[  65.857] nsh> [Kuavcan status
[  65.857] Pool allocator status:
[  65.857] 	Capacity hard/soft: 500/250 blocks
[  65.857] 	Reserved:  34 blocks
[  65.857] 	Allocated: 10 blocks
[  65.857] 
[  65.857] UAVCAN node status:
[  65.857] 	Internal failures: 0
[  65.857] 	Transfer errors:   0
[  65.857] 	RX transfers:      93
[  65.857] 	TX transfers:      1267
[  65.857] 
[  65.857] CAN1 status:
[  65.857] 	HW errors: 0
[  65.857] 	IO errors: 0
[  65.857] 	RX frames: 93
[  65.857] 	TX frames: 1990
[  65.857] CAN2 status:
[  65.857] 	HW errors: 2139
[  65.857] 	IO errors: 2155
[  65.857] 	RX frames: 0
[  65.857] 	TX frames: 1974
[  65.857] 
[  65.857] Sensor 'flow':
[  65.857] name: uavcan_flow
[  65.857] 
[  65.857] Sensor 'mag':
[  65.857] name: uavcan_mag
[  65.857] 
[  65.857] Sensor 'rangefinder':
[  65.857] name: uavcan_rangefinder
[  65.857] 
[  65.857] Online nodes (Node ID, Health, Mode):
[  65.857] 
[  65.857] uavcan: cycle time: 9752 events, 41196836us elapsed, 4224.45us avg, min 9us max 1805318us 46309.473us rms
[  65.857] uavcan: cycle interval: 9752 events, 7149.08us avg, min 30us max 1805322us 46044.836us rms
[  65.857] nsh> [K
[  67.762] --> sending: uavcan status
[  67.863] nsh> [Kuavcan status
[  67.863] Pool allocator status:
[  67.863] 	Capacity hard/soft: 500/250 blocks
[  67.863] 	Reserved:  34 blocks
[  67.863] 	Allocated: 10 blocks
[  67.863] 
[  67.863] UAVCAN node status:
[  67.863] 	Internal failures: 0
[  67.863] 	Transfer errors:   0
[  67.863] 	RX transfers:      96
[  67.863] 	TX transfers:      1300
[  67.863] 
[  67.863] CAN1 status:
[  67.863] 	HW errors: 0
[  67.863] 	IO errors: 0
[  67.863] 	RX frames: 96
[  67.863] 	TX frames: 2045
[  67.863] CAN2 status:
[  67.863] 	HW errors: 2201
[  67.863] 	IO errors: 2217
[  67.863] 	RX frames: 0
[  67.863] 	TX frames: 2029
[  67.863] 
[  67.863] Sensor 'flow':
[  67.863] name: uavcan_flow
[  67.863] 
[  67.863] Sensor 'mag':
[  67.863] name: uavcan_mag
[  67.863] 
[  67.863] Sensor 'rangefinder':
[  67.863] name: uavcan_rangefinder
[  67.863] 
[  67.863] Online nodes (Node ID, Health, Mode):
[  67.863] 
[  67.863] uavcan: cycle time: 10070 events, 42057438us elapsed, 4176.51us avg, min 9us max 1805318us 45971.824us rms
[  67.863] uavcan: cycle interval: 10071 events, 7101.33us avg, min 30us max 1805322us 45706.137us rms
[  67.863] nsh> [K
[  69.766] --> sending: uavcan status
[  69.867] nsh> [Kuavcan status
[  69.867] Pool allocator status:
[  69.867] 	Capacity hard/soft: 500/250 blocks
[  69.867] 	Reserved:  34 blocks
[  69.867] 	Allocated: 10 blocks
[  69.867] 
[  69.867] UAVCAN node status:
[  69.867] 	Internal failures: 0
[  69.867] 	Transfer errors:   0
[  69.867] 	RX transfers:      98
[  69.867] 	TX transfers:      1336
[  69.867] 
[  69.867] CAN1 status:
[  69.867] 	HW errors: 0
[  69.867] 	IO errors: 0
[  69.867] 	RX frames: 98
[  69.867] 	TX frames: 2101
[  69.867] CAN2 status:
[  69.867] 	HW errors: 2261
[  69.867] 	IO errors: 2277
[  69.867] 	RX frames: 0
[  69.867] 	TX frames: 2085
[  69.867] 
[  69.867] Sensor 'flow':
[  69.867] name: uavcan_flow
[  69.867] 
[  69.867] Sensor 'mag':
[  69.867] name: uavcan_mag
[  69.867] 
[  69.867] Sensor 'rangefinder':
[  69.867] name: uavcan_rangefinder
[  69.867] 
[  69.867] Online nodes (Node ID, Health, Mode):
[  69.867] 
[  69.867] uavcan: cycle time: 10371 events, 43392048us elapsed, 4183.98us avg, min 9us max 1805318us 45940.832us rms
[  69.867] uavcan: cycle interval: 10371 events, 7109.14us avg, min 30us max 1805322us 45676.918us rms
[  69.867] nsh> [K
[  71.772] --> sending: uavcan status
[  71.872] nsh> [Kuavcan status
[  71.872] Pool allocator status:
[  71.872] 	Capacity hard/soft: 500/250 blocks
[  71.872] 	Reserved:  34 blocks
[  71.872] 	Allocated: 10 blocks
[  71.872] 
[  71.872] UAVCAN node status:
[  71.872] 	Internal failures: 0
[  71.872] 	Transfer errors:   0
[  71.872] 	RX transfers:      101
[  71.872] 	TX transfers:      1367
[  71.872] 
[  71.872] CAN1 status:
[  71.872] 	HW errors: 0
[  71.872] 	IO errors: 0
[  71.872] 	RX frames: 101
[  71.872] 	TX frames: 2150
[  71.872] CAN2 status:
[  71.872] 	HW errors: 2310
[  71.872] 	IO errors: 2326
[  71.872] 	RX frames: 0
[  71.872] 	TX frames: 2134
[  71.872] 
[  71.872] Sensor 'flow':
[  71.872] name: uavcan_flow
[  71.872] 
[  71.872] Sensor 'mag':
[  71.872] name: uavcan_mag
[  71.872] 
[  71.872] Sensor 'rangefinder':
[  71.872] name: uavcan_rangefinder
[  71.872] 
[  71.872] Online nodes (Node ID, Health, Mode):
[  71.872] 
[  71.872] uavcan: cycle time: 10603 events, 44253710us elapsed, 4173.70us avg, min 9us max 1805318us 45816.855us rms
[  71.872] uavcan: cycle interval: 10604 events, 7098.14us avg, min 30us max 1805322us 45550.891us rms
[  71.872] nsh> [K
[  73.776] --> sending: uavcan status
[  73.877] nsh> [Kuavcan status
[  73.877] Pool allocator status:
[  73.877] 	Capacity hard/soft: 500/250 blocks
[  73.877] 	Reserved:  34 blocks
[  73.877] 	Allocated: 10 blocks
[  73.877] 
[  73.877] UAVCAN node status:
[  73.877] 	Internal failures: 0
[  73.877] 	Transfer errors:   0
[  73.877] 	RX transfers:      103
[  73.877] 	TX transfers:      1408
[  73.877] 
[  73.877] CAN1 status:
[  73.877] 	HW errors: 0
[  73.877] 	IO errors: 0
[  73.877] 	RX frames: 103
[  73.877] 	TX frames: 2213
[  73.877] CAN2 status:
[  73.877] 	HW errors: 2379
[  73.877] 	IO errors: 2395
[  73.877] 	RX frames: 0
[  73.877] 	TX frames: 2197
[  73.877] 
[  73.877] Sensor 'flow':
[  73.877] name: uavcan_flow
[  73.877] 
[  73.877] Sensor 'mag':
[  73.877] name: uavcan_mag
[  73.877] 
[  73.877] Sensor 'rangefinder':
[  73.877] name: uavcan_rangefinder
[  73.877] 
[  73.877] Online nodes (Node ID, Health, Mode):
[  73.877] 
[  73.877] uavcan: cycle time: 10959 events, 45682148us elapsed, 4168.46us avg, min 9us max 1805318us 45753.813us rms
[  73.877] uavcan: cycle interval: 10959 events, 7093.42us avg, min 30us max 1805322us 45490.098us rms
[  73.877] nsh> [K
[  75.782] --> sending: uavcan status
[  75.882] nsh> [Kuavcan status
[  75.882] Pool allocator status:
[  75.882] 	Capacity hard/soft: 500/250 blocks
[  75.882] 	Reserved:  34 blocks
[  75.882] 	Allocated: 10 blocks
[  75.882] 
[  75.882] UAVCAN node status:
[  75.882] 	Internal failures: 0
[  75.882] 	Transfer errors:   0
[  75.882] 	RX transfers:      106
[  75.882] 	TX transfers:      1443
[  75.882] 
[  75.882] CAN1 status:
[  75.882] 	HW errors: 0
[  75.882] 	IO errors: 0
[  75.882] 	RX frames: 106
[  75.882] 	TX frames: 2270
[  75.882] CAN2 status:
[  75.882] 	HW errors: 2437
[  75.882] 	IO errors: 2453
[  75.882] 	RX frames: 0
[  75.882] 	TX frames: 2254
[  75.882] 
[  75.882] Sensor 'flow':
[  75.882] name: uavcan_flow
[  75.882] 
[  75.882] Sensor 'mag':
[  75.882] name: uavcan_mag
[  75.882] 
[  75.882] Sensor 'rangefinder':
[  75.882] name: uavcan_rangefinder
[  75.882] 
[  75.882] Online nodes (Node ID, Health, Mode):
[  75.882] 
[  75.882] uavcan: cycle time: 11221 events, 46923883us elapsed, 4181.79us avg, min 9us max 1805318us 45717.168us rms
[  75.882] uavcan: cycle interval: 11221 events, 7106.77us avg, min 30us max 1805322us 45452.492us rms
[  75.882] nsh> [K
[  77.786] --> sending: uavcan status
[  77.886] nsh> [Kuavcan status
[  77.886] Pool allocator status:
[  77.886] 	Capacity hard/soft: 500/250 blocks
[  77.886] 	Reserved:  34 blocks
[  77.886] 	Allocated: 10 blocks
[  77.886] 
[  77.886] UAVCAN node status:
[  77.886] 	Internal failures: 0
[  77.886] 	Transfer errors:   0
[  77.886] 	RX transfers:      109
[  77.886] 	TX transfers:      1473
[  77.886] 
[  77.886] CAN1 status:
[  77.886] 	HW errors: 0
[  77.887] 	IO errors: 0
[  77.887] 	RX frames: 109
[  77.887] 	TX frames: 2319
[  77.887] CAN2 status:
[  77.887] 	HW errors: 2491
[  77.887] 	IO errors: 2507
[  77.887] 	RX frames: 0
[  77.887] 	TX frames: 2303
[  77.887] 
[  77.887] Sensor 'flow':
[  77.887] name: uavcan_flow
[  77.887] 
[  77.887] Sensor 'mag':
[  77.887] name: uavcan_mag
[  77.887] 
[  77.887] Sensor 'rangefinder':
[  77.887] name: uavcan_rangefinder
[  77.887] 
[  77.887] Online nodes (Node ID, Health, Mode):
[  77.887] 
[  77.887] uavcan: cycle time: 11438 events, 47784851us elapsed, 4177.73us avg, min 9us max 1805318us 45634.430us rms
[  77.887] uavcan: cycle interval: 11439 events, 7101.91us avg, min 30us max 1805322us 45367.727us rms
[  77.887] nsh> [K
[  79.791] --> sending: uavcan status
[  79.891] nsh> [Kuavcan status
[  79.891] Pool allocator status:
[  79.891] 	Capacity hard/soft: 500/250 blocks
[  79.891] 	Reserved:  34 blocks
[  79.891] 	Allocated: 10 blocks
[  79.891] 
[  79.891] UAVCAN node status:
[  79.891] 	Internal failures: 0
[  79.891] 	Transfer errors:   0
[  79.891] 	RX transfers:      112
[  79.891] 	TX transfers:      1515
[  79.891] 
[  79.891] CAN1 status:
[  79.891] 	HW errors: 0
[  79.891] 	IO errors: 0
[  79.891] 	RX frames: 112
[  79.891] 	TX frames: 2384
[  79.891] CAN2 status:
[  79.891] 	HW errors: 2559
[  79.891] 	IO errors: 2575
[  79.891] 	RX frames: 0
[  79.891] 	TX frames: 2368
[  79.891] 
[  79.891] Sensor 'flow':
[  79.892] name: uavcan_flow
[  79.892] 
[  79.892] Sensor 'mag':
[  79.892] name: uavcan_mag
[  79.892] 
[  79.892] Sensor 'rangefinder':
[  79.892] name: uavcan_rangefinder
[  79.892] 
[  79.892] Online nodes (Node ID, Health, Mode):
[  79.892] 
[  79.892] uavcan: cycle time: 11767 events, 49217091us elapsed, 4182.64us avg, min 9us max 1805318us 45636.414us rms
[  79.892] uavcan: cycle interval: 11768 events, 7106.95us avg, min 30us max 1805322us 45369.598us rms
[  79.892] nsh> [K
[  81.796] --> sending: uavcan status
[  81.897] nsh> [Kuavcan status
[  81.897] Pool allocator status:
[  81.897] 	Capacity hard/soft: 500/250 blocks
[  81.897] 	Reserved:  34 blocks
[  81.897] 	Allocated: 10 blocks
[  81.897] 
[  81.897] UAVCAN node status:
[  81.897] 	Internal failures: 0
[  81.897] 	Transfer errors:   0
[  81.897] 	RX transfers:      115
[  81.897] 	TX transfers:      1547
[  81.897] 
[  81.897] CAN1 status:
[  81.897] 	HW errors: 0
[  81.897] 	IO errors: 0
[  81.897] 	RX frames: 115
[  81.897] 	TX frames: 2436
[  81.897] CAN2 status:
[  81.897] 	HW errors: 2617
[  81.897] 	IO errors: 2633
[  81.897] 	RX frames: 0
[  81.897] 	TX frames: 2420
[  81.897] 
[  81.897] Sensor 'flow':
[  81.897] name: uavcan_flow
[  81.897] 
[  81.897] Sensor 'mag':
[  81.897] name: uavcan_mag
[  81.897] 
[  81.897] Sensor 'rangefinder':
[  81.897] name: uavcan_rangefinder
[  81.897] 
[  81.897] Online nodes (Node ID, Health, Mode):
[  81.897] 
[  81.897] uavcan: cycle time: 11964 events, 50448801us elapsed, 4216.72us avg, min 9us max 1805318us 45719.297us rms
[  81.897] uavcan: cycle interval: 11965 events, 7140.20us avg, min 30us max 1805322us 45450.984us rms
[  81.897] nsh> [K
[  83.801] --> sending: uavcan status
[  83.901] nsh> [Kuavcan status
[  83.901] Pool allocator status:
[  83.901] 	Capacity hard/soft: 500/250 blocks
[  83.901] 	Reserved:  34 blocks
[  83.901] 	Allocated: 10 blocks
[  83.901] 
[  83.901] UAVCAN node status:
[  83.901] 	Internal failures: 0
[  83.901] 	Transfer errors:   0
[  83.901] 	RX transfers:      118
[  83.901] 	TX transfers:      1585
[  83.901] 
[  83.901] CAN1 status:
[  83.901] 	HW errors: 0
[  83.901] 	IO errors: 0
[  83.901] 	RX frames: 118
[  83.901] 	TX frames: 2494
[  83.901] CAN2 status:
[  83.901] 	HW errors: 2681
[  83.901] 	IO errors: 2697
[  83.902] 	RX frames: 0
[  83.902] 	TX frames: 2478
[  83.902] 
[  83.902] Sensor 'flow':
[  83.902] name: uavcan_flow
[  83.902] 
[  83.902] Sensor 'mag':
[  83.902] name: uavcan_mag
[  83.902] 
[  83.902] Sensor 'rangefinder':
[  83.902] name: uavcan_rangefinder
[  83.902] 
[  83.902] Online nodes (Node ID, Health, Mode):
[  83.902] 
[  83.902] uavcan: cycle time: 12179 events, 51875122us elapsed, 4259.39us avg, min 9us max 1805318us 45929.609us rms
[  83.902] uavcan: cycle interval: 12180 events, 7182.44us avg, min 30us max 1805322us 45659.965us rms
[  83.902] nsh> [K
[  85.806] --> sending: uavcan status
[  85.906] nsh> [Kuavcan status
[  85.906] Pool allocator status:
[  85.906] 	Capacity hard/soft: 500/250 blocks
[  85.906] 	Reserved:  34 blocks
[  85.906] 	Allocated: 10 blocks
[  85.906] 
[  85.906] UAVCAN node status:
[  85.906] 	Internal failures: 0
[  85.906] 	Transfer errors:   0
[  85.906] 	RX transfers:      121
[  85.906] 	TX transfers:      1621
[  85.906] 
[  85.906] CAN1 status:
[  85.906] 	HW errors: 0
[  85.906] 	IO errors: 0
[  85.906] 	RX frames: 121
[  85.906] 	TX frames: 2550
[  85.906] CAN2 status:
[  85.906] 	HW errors: 2748
[  85.906] 	IO errors: 2764
[  85.906] 	RX frames: 0
[  85.906] 	TX frames: 2534
[  85.906] 
[  85.906] Sensor 'flow':
[  85.906] name: uavcan_flow
[  85.906] 
[  85.906] Sensor 'mag':
[  85.906] name: uavcan_mag
[  85.906] 
[  85.906] Sensor 'rangefinder':
[  85.906] name: uavcan_rangefinder
[  85.906] 
[  85.906] Online nodes (Node ID, Health, Mode):
[  85.906] 
[  85.906] uavcan: cycle time: 12437 events, 53022850us elapsed, 4263.32us avg, min 9us max 1805318us 45844.355us rms
[  85.906] uavcan: cycle interval: 12438 events, 7185.83us avg, min 30us max 1805322us 45573.945us rms
[  85.906] nsh> [K
[  87.811] --> sending: uavcan status
[  87.911] nsh> [Kuavcan status
[  87.911] Pool allocator status:
[  87.912] 	Capacity hard/soft: 500/250 blocks
[  87.912] 	Reserved:  34 blocks
[  87.912] 	Allocated: 10 blocks
[  87.912] 
[  87.912] UAVCAN node status:
[  87.912] 	Internal failures: 0
[  87.912] 	Transfer errors:   0
[  87.912] 	RX transfers:      124
[  87.912] 	TX transfers:      1659
[  87.912] 
[  87.912] CAN1 status:
[  87.912] 	HW errors: 0
[  87.912] 	IO errors: 0
[  87.912] 	RX frames: 124
[  87.912] 	TX frames: 2610
[  87.912] CAN2 status:
[  87.912] 	HW errors: 2807
[  87.912] 	IO errors: 2823
[  87.912] 	RX frames: 0
[  87.912] 	TX frames: 2594
[  87.912] 
[  87.912] Sensor 'flow':
[  87.912] name: uavcan_flow
[  87.912] 
[  87.912] Sensor 'mag':
[  87.912] name: uavcan_mag
[  87.912] 
[  87.912] Sensor 'rangefinder':
[  87.912] name: uavcan_rangefinder
[  87.912] 
[  87.912] Online nodes (Node ID, Health, Mode):
[  87.912] 
[  87.912] uavcan: cycle time: 12705 events, 54449137us elapsed, 4285.65us avg, min 9us max 1805318us 45947.945us rms
[  87.912] uavcan: cycle interval: 12706 events, 7207.95us avg, min 30us max 1805322us 45676.551us rms
[  87.912] nsh> [K
[  89.817] --> sending: uavcan status
[  89.917] nsh> [Kuavcan status
[  89.917] Pool allocator status:
[  89.917] 	Capacity hard/soft: 500/250 blocks
[  89.917] 	Reserved:  34 blocks
[  89.917] 	Allocated: 10 blocks
[  89.917] 
[  89.917] UAVCAN node status:
[  89.917] 	Internal failures: 0
[  89.917] 	Transfer errors:   0
[  89.917] 	RX transfers:      126
[  89.917] 	TX transfers:      1698
[  89.917] 
[  89.917] CAN1 status:
[  89.917] 	HW errors: 0
[  89.917] 	IO errors: 0
[  89.917] 	RX frames: 126
[  89.917] 	TX frames: 2671
[  89.917] CAN2 status:
[  89.917] 	HW errors: 2871
[  89.917] 	IO errors: 2887
[  89.917] 	RX frames: 0
[  89.917] 	TX frames: 2655
[  89.917] 
[  89.917] Sensor 'flow':
[  89.917] name: uavcan_flow
[  89.917] 
[  89.917] Sensor 'mag':
[  89.917] name: uavcan_mag
[  89.917] 
[  89.917] Sensor 'rangefinder':
[  89.917] name: uavcan_rangefinder
[  89.917] 
[  89.917] Online nodes (Node ID, Health, Mode):
[  89.917] 
[  89.917] uavcan: cycle time: 13030 events, 55694291us elapsed, 4274.31us avg, min 9us max 1805318us 45803.410us rms
[  89.917] uavcan: cycle interval: 13030 events, 7197.10us avg, min 30us max 1805322us 45533.355us rms
[  89.917] nsh> [K
[  91.822] --> sending: uavcan status
[  91.922] nsh> [Kuavcan status
[  91.922] Pool allocator status:
[  91.922] 	Capacity hard/soft: 500/250 blocks
[  91.922] 	Reserved:  34 blocks
[  91.922] 	Allocated: 10 blocks
[  91.922] 
[  91.922] UAVCAN node status:
[  91.922] 	Internal failures: 0
[  91.922] 	Transfer errors:   0
[  91.922] 	RX transfers:      129
[  91.922] 	TX transfers:      1731
[  91.922] 
[  91.922] CAN1 status:
[  91.922] 	HW errors: 0
[  91.922] 	IO errors: 0
[  91.922] 	RX frames: 129
[  91.922] 	TX frames: 2723
[  91.922] CAN2 status:
[  91.922] 	HW errors: 2929
[  91.922] 	IO errors: 2945
[  91.922] 	RX frames: 0
[  91.922] 	TX frames: 2707
[  91.922] 
[  91.922] Sensor 'flow':
[  91.922] name: uavcan_flow
[  91.922] 
[  91.922] Sensor 'mag':
[  91.922] name: uavcan_mag
[  91.922] 
[  91.922] Sensor 'rangefinder':
[  91.922] name: uavcan_rangefinder
[  91.922] 
[  91.922] Online nodes (Node ID, Health, Mode):
[  91.922] 
[  91.922] uavcan: cycle time: 13301 events, 56549959us elapsed, 4251.56us avg, min 9us max 1805318us 45635.129us rms
[  91.922] uavcan: cycle interval: 13302 events, 7174.19us avg, min 30us max 1805322us 45363.711us rms
[  91.922] nsh> [K
[  93.827] --> sending: uavcan status
[  93.928] nsh> [Kuavcan status
[  93.928] Pool allocator status:
[  93.928] 	Capacity hard/soft: 500/250 blocks
[  93.928] 	Reserved:  34 blocks
[  93.928] 	Allocated: 10 blocks
[  93.928] 
[  93.928] UAVCAN node status:
[  93.928] 	Internal failures: 0
[  93.928] 	Transfer errors:   0
[  93.928] 	RX transfers:      131
[  93.928] 	TX transfers:      1772
[  93.928] 
[  93.928] CAN1 status:
[  93.928] 	HW errors: 0
[  93.928] 	IO errors: 0
[  93.928] 	RX frames: 131
[  93.928] 	TX frames: 2788
[  93.928] CAN2 status:
[  93.928] 	HW errors: 2990
[  93.928] 	IO errors: 3006
[  93.928] 	RX frames: 0
[  93.928] 	TX frames: 2772
[  93.928] 
[  93.928] Sensor 'flow':
[  93.928] name: uavcan_flow
[  93.928] 
[  93.928] Sensor 'mag':
[  93.928] name: uavcan_mag
[  93.928] 
[  93.928] Sensor 'rangefinder':
[  93.928] name: uavcan_rangefinder
[  93.928] 
[  93.928] Online nodes (Node ID, Health, Mode):
[  93.928] 
[  93.928] uavcan: cycle time: 13618 events, 57981665us elapsed, 4257.72us avg, min 9us max 1805318us 45658.738us rms
[  93.928] uavcan: cycle interval: 13618 events, 7180.85us avg, min 30us max 1805322us 45388.727us rms
[  93.928] nsh> [K
[  95.833] --> sending: uavcan status
[  95.933] nsh> [Kuavcan status
[  95.933] Pool allocator status:
[  95.933] 	Capacity hard/soft: 500/250 blocks
[  95.933] 	Reserved:  34 blocks
[  95.933] 	Allocated: 10 blocks
[  95.933] 
[  95.933] UAVCAN node status:
[  95.933] 	Internal failures: 0
[  95.933] 	Transfer errors:   0
[  95.933] 	RX transfers:      134
[  95.933] 	TX transfers:      1806
[  95.933] 
[  95.933] CAN1 status:
[  95.933] 	HW errors: 0
[  95.933] 	IO errors: 0
[  95.933] 	RX frames: 134
[  95.933] 	TX frames: 2842
[  95.933] CAN2 status:
[  95.933] 	HW errors: 3048
[  95.933] 	IO errors: 3064
[  95.933] 	RX frames: 0
[  95.933] 	TX frames: 2826
[  95.933] 
[  95.933] Sensor 'flow':
[  95.933] name: uavcan_flow
[  95.933] 
[  95.933] Sensor 'mag':
[  95.933] name: uavcan_mag
[  95.933] 
[  95.933] Sensor 'rangefinder':
[  95.933] name: uavcan_rangefinder
[  95.933] 
[  95.933] Online nodes (Node ID, Health, Mode):
[  95.933] 
[  95.933] uavcan: cycle time: 13879 events, 59224205us elapsed, 4267.18us avg, min 9us max 1805318us 45631.266us rms
[  95.933] uavcan: cycle interval: 13879 events, 7190.20us avg, min 30us max 1805322us 45360.590us rms
[  95.933] nsh> [K
[  97.838] --> sending: uavcan status
[  97.938] nsh> [Kuavcan status
[  97.938] Pool allocator status:
[  97.938] 	Capacity hard/soft: 500/250 blocks
[  97.938] 	Reserved:  34 blocks
[  97.938] 	Allocated: 10 blocks
[  97.939] 
[  97.939] UAVCAN node status:
[  97.939] 	Internal failures: 0
[  97.939] 	Transfer errors:   0
[  97.939] 	RX transfers:      137
[  97.939] 	TX transfers:      1841
[  97.939] 
[  97.939] CAN1 status:
[  97.939] 	HW errors: 0
[  97.939] 	IO errors: 0
[  97.939] 	RX frames: 137
[  97.939] 	TX frames: 2897
[  97.939] CAN2 status:
[  97.939] 	HW errors: 3117
[  97.939] 	IO errors: 3133
[  97.939] 	RX frames: 0
[  97.939] 	TX frames: 2881
[  97.939] 
[  97.939] Sensor 'flow':
[  97.939] name: uavcan_flow
[  97.939] 
[  97.939] Sensor 'mag':
[  97.939] name: uavcan_mag
[  97.939] 
[  97.939] Sensor 'rangefinder':
[  97.939] name: uavcan_rangefinder
[  97.939] 
[  97.939] Online nodes (Node ID, Health, Mode):
[  97.939] 
[  97.939] uavcan: cycle time: 14196 events, 60172352us elapsed, 4238.68us avg, min 9us max 1805318us 45475.402us rms
[  97.939] uavcan: cycle interval: 14197 events, 7161.85us avg, min 30us max 1805322us 45204.125us rms
[  97.939] nsh> [K
[  99.843] --> sending: uavcan status
[  99.944] nsh> [Kuavcan status
[  99.944] Pool allocator status:
[  99.944] 	Capacity hard/soft: 500/250 blocks
[  99.944] 	Reserved:  34 blocks
[  99.944] 	Allocated: 10 blocks
[  99.944] 
[  99.944] UAVCAN node status:
[  99.944] 	Internal failures: 0
[  99.944] 	Transfer errors:   0
[  99.944] 	RX transfers:      139
[  99.944] 	TX transfers:      1879
[  99.944] 
[  99.944] CAN1 status:
[  99.944] 	HW errors: 0
[  99.944] 	IO errors: 0
[  99.944] 	RX frames: 139
[  99.944] 	TX frames: 2957
[  99.944] CAN2 status:
[  99.944] 	HW errors: 3169
[  99.944] 	IO errors: 3185
[  99.944] 	RX frames: 0
[  99.944] 	TX frames: 2941
[  99.944] 
[  99.944] Sensor 'flow':
[  99.944] name: uavcan_flow
[  99.944] 
[  99.944] Sensor 'mag':
[  99.944] name: uavcan_mag
[  99.944] 
[  99.944] Sensor 'rangefinder':
[  99.944] name: uavcan_rangefinder
[  99.944] 
[  99.944] Online nodes (Node ID, Health, Mode):
[  99.944] 
[  99.944] uavcan: cycle time: 14467 events, 61510287us elapsed, 4251.77us avg, min 9us max 1805318us 45499.012us rms
[  99.944] uavcan: cycle interval: 14467 events, 7175.21us avg, min 30us max 1805322us 45228.707us rms
[  99.944] nsh> [K
[ 101.849] --> sending: uavcan status
[ 101.950] nsh> [Kuavcan status
[ 101.950] Pool allocator status:
[ 101.950] 	Capacity hard/soft: 500/250 blocks
[ 101.950] 	Reserved:  34 blocks
[ 101.950] 	Allocated: 10 blocks
[ 101.950] 
[ 101.950] UAVCAN node status:
[ 101.950] 	Internal failures: 0
[ 101.950] 	Transfer errors:   0
[ 101.950] 	RX transfers:      142
[ 101.950] 	TX transfers:      1910
[ 101.950] 
[ 101.950] CAN1 status:
[ 101.950] 	HW errors: 0
[ 101.950] 	IO errors: 0
[ 101.950] 	RX frames: 142
[ 101.950] 	TX frames: 3009
[ 101.950] CAN2 status:
[ 101.950] 	HW errors: 3231
[ 101.950] 	IO errors: 3247
[ 101.950] 	RX frames: 0
[ 101.950] 	TX frames: 2993
[ 101.950] 
[ 101.950] Sensor 'flow':
[ 101.950] name: uavcan_flow
[ 101.950] 
[ 101.950] Sensor 'mag':
[ 101.950] name: uavcan_mag
[ 101.950] 
[ 101.950] Sensor 'rangefinder':
[ 101.950] name: uavcan_rangefinder
[ 101.950] 
[ 101.950] Online nodes (Node ID, Health, Mode):
[ 101.950] 
[ 101.950] uavcan: cycle time: 14709 events, 62453040us elapsed, 4245.91us avg, min 9us max 1805318us 45463.418us rms
[ 101.950] uavcan: cycle interval: 14710 events, 7169.18us avg, min 30us max 1805322us 45191.840us rms
[ 101.950] nsh> [K
[ 103.855] --> sending: uavcan status
[ 103.956] nsh> [Kuavcan status
[ 103.956] Pool allocator status:
[ 103.956] 	Capacity hard/soft: 500/250 blocks
[ 103.956] 	Reserved:  34 blocks
[ 103.956] 	Allocated: 10 blocks
[ 103.956] 
[ 103.956] UAVCAN node status:
[ 103.956] 	Internal failures: 0
[ 103.956] 	Transfer errors:   0
[ 103.956] 	RX transfers:      145
[ 103.956] 	TX transfers:      1950
[ 103.956] 
[ 103.956] CAN1 status:
[ 103.956] 	HW errors: 0
[ 103.956] 	IO errors: 0
[ 103.956] 	RX frames: 145
[ 103.956] 	TX frames: 3069
[ 103.956] CAN2 status:
[ 103.956] 	HW errors: 3304
[ 103.956] 	IO errors: 3320
[ 103.956] 	RX frames: 0
[ 103.956] 	TX frames: 3053
[ 103.956] 
[ 103.956] Sensor 'flow':
[ 103.956] name: uavcan_flow
[ 103.956] 
[ 103.956] Sensor 'mag':
[ 103.956] name: uavcan_mag
[ 103.956] 
[ 103.956] Sensor 'rangefinder':
[ 103.956] name: uavcan_rangefinder
[ 103.956] 
[ 103.956] Online nodes (Node ID, Health, Mode):
[ 103.956] 
[ 103.956] uavcan: cycle time: 15018 events, 63690997us elapsed, 4240.98us avg, min 9us max 1805318us 45392.027us rms
[ 103.956] uavcan: cycle interval: 15019 events, 7164.28us avg, min 30us max 1805322us 45120.395us rms
[ 103.956] nsh> [K
[ 105.860] --> sending: uavcan status
[ 105.961] nsh> [Kuavcan status
[ 105.961] Pool allocator status:
[ 105.961] 	Capacity hard/soft: 500/250 blocks
[ 105.961] 	Reserved:  34 blocks
[ 105.961] 	Allocated: 10 blocks
[ 105.961] 
[ 105.961] UAVCAN node status:
[ 105.961] 	Internal failures: 0
[ 105.961] 	Transfer errors:   0
[ 105.961] 	RX transfers:      148
[ 105.961] 	TX transfers:      1982
[ 105.961] 
[ 105.961] CAN1 status:
[ 105.961] 	HW errors: 0
[ 105.961] 	IO errors: 0
[ 105.961] 	RX frames: 148
[ 105.961] 	TX frames: 3123
[ 105.961] CAN2 status:
[ 105.961] 	HW errors: 3358
[ 105.961] 	IO errors: 3374
[ 105.961] 	RX frames: 0
[ 105.961] 	TX frames: 3107
[ 105.961] 
[ 105.961] Sensor 'flow':
[ 105.961] name: uavcan_flow
[ 105.961] 
[ 105.961] Sensor 'mag':
[ 105.961] name: uavcan_mag
[ 105.961] 
[ 105.961] Sensor 'rangefinder':
[ 105.961] name: uavcan_rangefinder
[ 105.961] 
[ 105.961] Online nodes (Node ID, Health, Mode):
[ 105.961] 
[ 105.961] uavcan: cycle time: 15207 events, 64925101us elapsed, 4269.42us avg, min 9us max 1805318us 45474.176us rms
[ 105.961] uavcan: cycle interval: 15208 events, 7192.44us avg, min 30us max 1805322us 45201.117us rms
[ 105.961] nsh> [K
[ 107.865] --> sending: uavcan status
[ 107.965] nsh> [Kuavcan status
[ 107.965] Pool allocator status:
[ 107.965] 	Capacity hard/soft: 500/250 blocks
[ 107.965] 	Reserved:  34 blocks
[ 107.965] 	Allocated: 10 blocks
[ 107.965] 
[ 107.965] UAVCAN node status:
[ 107.965] 	Internal failures: 0
[ 107.965] 	Transfer errors:   0
[ 107.965] 	RX transfers:      150
[ 107.965] 	TX transfers:      2024
[ 107.965] 
[ 107.965] CAN1 status:
[ 107.965] 	HW errors: 0
[ 107.965] 	IO errors: 0
[ 107.965] 	RX frames: 150
[ 107.965] 	TX frames: 3189
[ 107.965] CAN2 status:
[ 107.965] 	HW errors: 3427
[ 107.965] 	IO errors: 3443
[ 107.965] 	RX frames: 0
[ 107.965] 	TX frames: 3173
[ 107.965] 
[ 107.965] Sensor 'flow':
[ 107.965] name: uavcan_flow
[ 107.965] 
[ 107.965] Sensor 'mag':
[ 107.965] name: uavcan_mag
[ 107.965] 
[ 107.965] Sensor 'rangefinder':
[ 107.965] name: uavcan_rangefinder
[ 107.965] 
[ 107.965] Online nodes (Node ID, Health, Mode):
[ 107.965] 
[ 107.965] uavcan: cycle time: 15554 events, 66357907us elapsed, 4266.29us avg, min 9us max 1805318us 45454.652us rms
[ 107.965] uavcan: cycle interval: 15554 events, 7189.52us avg, min 30us max 1805322us 45182.988us rms
[ 107.965] nsh> [K
[ 109.869] --> sending: uavcan status
[ 109.969] nsh> [Kuavcan status
[ 109.969] Pool allocator status:
[ 109.969] 	Capacity hard/soft: 500/250 blocks
[ 109.969] 	Reserved:  34 blocks
[ 109.969] 	Allocated: 10 blocks
[ 109.969] 
[ 109.969] UAVCAN node status:
[ 109.969] 	Internal failures: 0
[ 109.969] 	Transfer errors:   0
[ 109.969] 	RX transfers:      153
[ 109.969] 	TX transfers:      2060
[ 109.969] 
[ 109.969] CAN1 status:
[ 109.969] 	HW errors: 0
[ 109.969] 	IO errors: 0
[ 109.969] 	RX frames: 153
[ 109.969] 	TX frames: 3246
[ 109.969] CAN2 status:
[ 109.969] 	HW errors: 3486
[ 109.969] 	IO errors: 3502
[ 109.969] 	RX frames: 0
[ 109.969] 	TX frames: 3230
[ 109.969] 
[ 109.969] Sensor 'flow':
[ 109.969] name: uavcan_flow
[ 109.969] 
[ 109.969] Sensor 'mag':
[ 109.969] name: uavcan_mag
[ 109.969] 
[ 109.969] Sensor 'rangefinder':
[ 109.969] name: uavcan_rangefinder
[ 109.969] 
[ 109.969] Online nodes (Node ID, Health, Mode):
[ 109.969] 
[ 109.969] uavcan: cycle time: 15819 events, 67591923us elapsed, 4272.83us avg, min 9us max 1805318us 45423.758us rms
[ 109.969] uavcan: cycle interval: 15819 events, 7195.77us avg, min 22us max 1805322us 45151.426us rms
[ 109.969] nsh> [K
[ 111.874] --> sending: uavcan status
[ 111.974] nsh> [Kuavcan status
[ 111.974] Pool allocator status:
[ 111.974] 	Capacity hard/soft: 500/250 blocks
[ 111.974] 	Reserved:  34 blocks
[ 111.974] 	Allocated: 10 blocks
[ 111.974] 
[ 111.974] UAVCAN node status:
[ 111.974] 	Internal failures: 0
[ 111.974] 	Transfer errors:   0
[ 111.974] 	RX transfers:      156
[ 111.974] 	TX transfers:      2096
[ 111.974] 
[ 111.974] CAN1 status:
[ 111.974] 	HW errors: 0
[ 111.974] 	IO errors: 0
[ 111.974] 	RX frames: 156
[ 111.974] 	TX frames: 3303
[ 111.974] CAN2 status:
[ 111.974] 	HW errors: 3547
[ 111.974] 	IO errors: 3563
[ 111.974] 	RX frames: 0
[ 111.974] 	TX frames: 3287
[ 111.974] 
[ 111.974] Sensor 'flow':
[ 111.974] name: uavcan_flow
[ 111.974] 
[ 111.974] Sensor 'mag':
[ 111.974] name: uavcan_mag
[ 111.974] 
[ 111.974] Sensor 'rangefinder':
[ 111.974] name: uavcan_rangefinder
[ 111.974] 
[ 111.974] Online nodes (Node ID, Health, Mode):
[ 111.974] 
[ 111.974] uavcan: cycle time: 16173 events, 68541601us elapsed, 4238.03us avg, min 9us max 1805318us 45240.207us rms
[ 111.974] uavcan: cycle interval: 16174 events, 7161.12us avg, min 22us max 1805322us 44967.590us rms
[ 111.974] nsh> [K
[ 113.878] --> sending: uavcan status
[ 113.978] nsh> [Kuavcan status
[ 113.978] Pool allocator status:
[ 113.978] 	Capacity hard/soft: 500/250 blocks
[ 113.978] 	Reserved:  34 blocks
[ 113.978] 	Allocated: 10 blocks
[ 113.978] 
[ 113.979] UAVCAN node status:
[ 113.979] 	Internal failures: 0
[ 113.979] 	Transfer errors:   0
[ 113.979] 	RX transfers:      158
[ 113.979] 	TX transfers:      2132
[ 113.979] 
[ 113.979] CAN1 status:
[ 113.979] 	HW errors: 0
[ 113.979] 	IO errors: 0
[ 113.979] 	RX frames: 158
[ 113.979] 	TX frames: 3361
[ 113.979] CAN2 status:
[ 113.979] 	HW errors: 3606
[ 113.979] 	IO errors: 3622
[ 113.979] 	RX frames: 0
[ 113.979] 	TX frames: 3345
[ 113.979] 
[ 113.979] Sensor 'flow':
[ 113.979] name: uavcan_flow
[ 113.979] 
[ 113.979] Sensor 'mag':
[ 113.979] name: uavcan_mag
[ 113.979] 
[ 113.979] Sensor 'rangefinder':
[ 113.979] name: uavcan_rangefinder
[ 113.979] 
[ 113.979] Online nodes (Node ID, Health, Mode):
[ 113.979] 
[ 113.979] uavcan: cycle time: 16409 events, 69873748us elapsed, 4258.26us avg, min 9us max 1805318us 45310.340us rms
[ 113.979] uavcan: cycle interval: 16410 events, 7181.04us avg, min 22us max 1805322us 45036.871us rms
[ 113.979] nsh> [K
[ 115.883] --> sending: uavcan status
[ 115.984] nsh> [Kuavcan status
[ 115.984] Pool allocator status:
[ 115.984] 	Capacity hard/soft: 500/250 blocks
[ 115.984] 	Reserved:  34 blocks
[ 115.984] 	Allocated: 10 blocks
[ 115.984] 
[ 115.984] UAVCAN node status:
[ 115.984] 	Internal failures: 0
[ 115.984] 	Transfer errors:   0
[ 115.984] 	RX transfers:      161
[ 115.984] 	TX transfers:      2163
[ 115.984] 
[ 115.984] CAN1 status:
[ 115.984] 	HW errors: 0
[ 115.984] 	IO errors: 0
[ 115.984] 	RX frames: 161
[ 115.984] 	TX frames: 3411
[ 115.984] CAN2 status:
[ 115.984] 	HW errors: 3671
[ 115.984] 	IO errors: 3687
[ 115.984] 	RX frames: 0
[ 115.984] 	TX frames: 3395
[ 115.984] 
[ 115.984] Sensor 'flow':
[ 115.984] name: uavcan_flow
[ 115.984] 
[ 115.984] Sensor 'mag':
[ 115.984] name: uavcan_mag
[ 115.984] 
[ 115.984] Sensor 'rangefinder':
[ 115.984] name: uavcan_rangefinder
[ 115.984] 
[ 115.984] Online nodes (Node ID, Health, Mode):
[ 115.984] 
[ 115.984] uavcan: cycle time: 16675 events, 70821194us elapsed, 4247.15us avg, min 9us max 1805318us 45252.059us rms
[ 115.984] uavcan: cycle interval: 16676 events, 7170.17us avg, min 22us max 1805322us 44978.945us rms
[ 115.984] nsh> [K
[ 117.889] --> sending: uavcan status
[ 117.989] nsh> [Kuavcan status
[ 117.989] Pool allocator status:
[ 117.989] 	Capacity hard/soft: 500/250 blocks
[ 117.989] 	Reserved:  34 blocks
[ 117.989] 	Allocated: 9 blocks
[ 117.989] 
[ 117.989] UAVCAN node status:
[ 117.989] 	Internal failures: 0
[ 117.989] 	Transfer errors:   0
[ 117.989] 	RX transfers:      164
[ 117.989] 	TX transfers:      2199
[ 117.989] 
[ 117.989] CAN1 status:
[ 117.989] 	HW errors: 0
[ 117.989] 	IO errors: 0
[ 117.989] 	RX frames: 164
[ 117.989] 	TX frames: 3468
[ 117.989] CAN2 status:
[ 117.989] 	HW errors: 3729
[ 117.989] 	IO errors: 3745
[ 117.989] 	RX frames: 0
[ 117.989] 	TX frames: 3452
[ 117.989] 
[ 117.989] Sensor 'flow':
[ 117.989] name: uavcan_flow
[ 117.989] 
[ 117.989] Sensor 'mag':
[ 117.989] name: uavcan_mag
[ 117.989] 
[ 117.989] Sensor 'rangefinder':
[ 117.989] name: uavcan_rangefinder
[ 117.989] 
[ 117.989] Online nodes (Node ID, Health, Mode):
[ 117.989] 
[ 117.989] uavcan: cycle time: 16940 events, 72065832us elapsed, 4254.18us avg, min 9us max 1805318us 45232.094us rms
[ 117.989] uavcan: cycle interval: 16941 events, 7176.82us avg, min 22us max 1805322us 44958.504us rms
[ 117.989] nsh> [K
[ 119.893] --> sending: uavcan status
[ 119.994] nsh> [Kuavcan status
[ 119.994] Pool allocator status:
[ 119.994] 	Capacity hard/soft: 500/250 blocks
[ 119.994] 	Reserved:  34 blocks
[ 119.994] 	Allocated: 9 blocks
[ 119.994] 
[ 119.994] UAVCAN node status:
[ 119.994] 	Internal failures: 0
[ 119.994] 	Transfer errors:   0
[ 119.994] 	RX transfers:      166
[ 119.994] 	TX transfers:      2239
[ 119.994] 
[ 119.994] CAN1 status:
[ 119.994] 	HW errors: 0
[ 119.994] 	IO errors: 0
[ 119.994] 	RX frames: 166
[ 119.994] 	TX frames: 3532
[ 119.994] CAN2 status:
[ 119.994] 	HW errors: 3786
[ 119.994] 	IO errors: 3802
[ 119.994] 	RX frames: 0
[ 119.994] 	TX frames: 3516
[ 119.994] 
[ 119.994] Sensor 'flow':
[ 119.994] name: uavcan_flow
[ 119.994] 
[ 119.994] Sensor 'mag':
[ 119.994] name: uavcan_mag
[ 119.994] 
[ 119.994] Sensor 'rangefinder':
[ 119.994] name: uavcan_rangefinder
[ 119.994] 
[ 119.994] Online nodes (Node ID, Health, Mode):
[ 119.994] 
[ 119.994] uavcan: cycle time: 17230 events, 73490669us elapsed, 4265.27us avg, min 9us max 1805318us 45289.520us rms
[ 119.994] uavcan: cycle interval: 17230 events, 7188.21us avg, min 22us max 1805322us 45016.875us rms
[ 119.994] nsh> [K
[ 121.898] --> sending: uavcan status
[ 121.999] nsh> [Kuavcan status
[ 121.999] Pool allocator status:
[ 121.999] 	Capacity hard/soft: 500/250 blocks
[ 121.999] 	Reserved:  34 blocks
[ 121.999] 	Allocated: 8 blocks
[ 121.999] 
[ 121.999] UAVCAN node status:
[ 121.999] 	Internal failures: 0
[ 121.999] 	Transfer errors:   0
[ 121.999] 	RX transfers:      169
[ 121.999] 	TX transfers:      2270
[ 121.999] 
[ 121.999] CAN1 status:
[ 121.999] 	HW errors: 0
[ 121.999] 	IO errors: 0
[ 121.999] 	RX frames: 169
[ 121.999] 	TX frames: 3582
[ 121.999] CAN2 status:
[ 121.999] 	HW errors: 3850
[ 121.999] 	IO errors: 3866
[ 121.999] 	RX frames: 0
[ 121.999] 	TX frames: 3566
[ 121.999] 
[ 121.999] Sensor 'flow':
[ 121.999] name: uavcan_flow
[ 121.999] 
[ 121.999] Sensor 'mag':
[ 121.999] name: uavcan_mag
[ 121.999] 
[ 121.999] Sensor 'rangefinder':
[ 121.999] name: uavcan_rangefinder
[ 121.999] 
[ 121.999] Online nodes (Node ID, Health, Mode):
[ 121.999] 
[ 121.999] uavcan: cycle time: 17490 events, 74353710us elapsed, 4251.21us avg, min 9us max 1805318us 45185.934us rms
[ 121.999] uavcan: cycle interval: 17491 events, 7174.07us avg, min 22us max 1805322us 44912.297us rms
[ 121.999] nsh> [K
[ 123.903] --> sending: uavcan status
[ 124.003] nsh> [Kuavcan status
[ 124.003] Pool allocator status:
[ 124.003] 	Capacity hard/soft: 500/250 blocks
[ 124.003] 	Reserved:  34 blocks
[ 124.003] 	Allocated: 8 blocks
[ 124.003] 
[ 124.003] UAVCAN node status:
[ 124.003] 	Internal failures: 0
[ 124.003] 	Transfer errors:   0
[ 124.003] 	RX transfers:      171
[ 124.003] 	TX transfers:      2311
[ 124.003] 
[ 124.003] CAN1 status:
[ 124.003] 	HW errors: 0
[ 124.003] 	IO errors: 0
[ 124.003] 	RX frames: 171
[ 124.003] 	TX frames: 3646
[ 124.003] CAN2 status:
[ 124.003] 	HW errors: 3912
[ 124.003] 	IO errors: 3928
[ 124.003] 	RX frames: 0
[ 124.003] 	TX frames: 3630
[ 124.003] 
[ 124.003] Sensor 'flow':
[ 124.003] name: uavcan_flow
[ 124.003] 
[ 124.003] Sensor 'mag':
[ 124.003] name: uavcan_mag
[ 124.003] 
[ 124.003] Sensor 'rangefinder':
[ 124.003] name: uavcan_rangefinder
[ 124.003] 
[ 124.003] Online nodes (Node ID, Health, Mode):
[ 124.003] 
[ 124.003] uavcan: cycle time: 17880 events, 75594336us elapsed, 4227.87us avg, min 9us max 1805318us 45007.203us rms
[ 124.003] uavcan: cycle interval: 17880 events, 7151.22us avg, min 22us max 1805322us 44735.250us rms
[ 124.003] nsh> [K
[ 125.907] --> sending: uavcan status
[ 126.008] nsh> [Kuavcan status
[ 126.008] Pool allocator status:
[ 126.008] 	Capacity hard/soft: 500/250 blocks
[ 126.008] 	Reserved:  34 blocks
[ 126.008] 	Allocated: 8 blocks
[ 126.008] 
[ 126.008] UAVCAN node status:
[ 126.008] 	Internal failures: 0
[ 126.008] 	Transfer errors:   0
[ 126.008] 	RX transfers:      174
[ 126.008] 	TX transfers:      2343
[ 126.008] 
[ 126.008] CAN1 status:
[ 126.008] 	HW errors: 0
[ 126.008] 	IO errors: 0
[ 126.008] 	RX frames: 174
[ 126.008] 	TX frames: 3698
[ 126.008] CAN2 status:
[ 126.008] 	HW errors: 3969
[ 126.008] 	IO errors: 3985
[ 126.008] 	RX frames: 0
[ 126.008] 	TX frames: 3682
[ 126.008] 
[ 126.008] Sensor 'flow':
[ 126.008] name: uavcan_flow
[ 126.008] 
[ 126.008] Sensor 'mag':
[ 126.008] name: uavcan_mag
[ 126.008] 
[ 126.008] Sensor 'rangefinder':
[ 126.008] name: uavcan_rangefinder
[ 126.008] 
[ 126.008] Online nodes (Node ID, Health, Mode):
[ 126.008] 
[ 126.008] uavcan: cycle time: 18164 events, 76547428us elapsed, 4214.24us avg, min 9us max 1805318us 44938.828us rms
[ 126.008] uavcan: cycle interval: 18165 events, 7137.47us avg, min 22us max 1805322us 44666.023us rms
[ 126.008] nsh> [K
[ 127.912] --> sending: uavcan status
[ 128.013] nsh> [Kuavcan status
[ 128.013] Pool allocator status:
[ 128.013] 	Capacity hard/soft: 500/250 blocks
[ 128.013] 	Reserved:  34 blocks
[ 128.013] 	Allocated: 8 blocks
[ 128.013] 
[ 128.013] UAVCAN node status:
[ 128.013] 	Internal failures: 0
[ 128.013] 	Transfer errors:   0
[ 128.013] 	RX transfers:      178
[ 128.013] 	TX transfers:      2382
[ 128.013] 
[ 128.013] CAN1 status:
[ 128.013] 	HW errors: 0
[ 128.013] 	IO errors: 0
[ 128.013] 	RX frames: 178
[ 128.013] 	TX frames: 3761
[ 128.013] CAN2 status:
[ 128.013] 	HW errors: 4024
[ 128.013] 	IO errors: 4040
[ 128.013] 	RX frames: 0
[ 128.013] 	TX frames: 3745
[ 128.013] 
[ 128.013] Sensor 'flow':
[ 128.013] name: uavcan_flow
[ 128.013] 
[ 128.013] Sensor 'mag':
[ 128.013] name: uavcan_mag
[ 128.013] 
[ 128.013] Sensor 'rangefinder':
[ 128.013] name: uavcan_rangefinder
[ 128.013] 
[ 128.013] Online nodes (Node ID, Health, Mode):
[ 128.013] 
[ 128.013] uavcan: cycle time: 18322 events, 78259726us elapsed, 4271.35us avg, min 9us max 1805318us 45186.422us rms
[ 128.013] uavcan: cycle interval: 18323 events, 7193.88us avg, min 22us max 1805322us 44911.477us rms
[ 128.013] nsh> [K
[ 129.917] --> sending: uavcan status
[ 130.018] nsh> [Kuavcan status
[ 130.018] Pool allocator status:
[ 130.018] 	Capacity hard/soft: 500/250 blocks
[ 130.018] 	Reserved:  34 blocks
[ 130.018] 	Allocated: 15 blocks
[ 130.018] 
[ 130.018] UAVCAN node status:
[ 130.018] 	Internal failures: 0
[ 130.018] 	Transfer errors:   4
[ 130.018] 	RX transfers:      416
[ 130.018] 	TX transfers:      2418
[ 130.018] 
[ 130.018] CAN1 status:
[ 130.018] 	HW errors: 98
[ 130.018] 	IO errors: 98
[ 130.018] 	RX frames: 1049
[ 130.018] 	TX frames: 3820
[ 130.018] CAN2 status:
[ 130.018] 	HW errors: 4095
[ 130.018] 	IO errors: 4111
[ 130.018] 	RX frames: 0
[ 130.018] 	TX frames: 3804
[ 130.018] 
[ 130.018] Sensor 'flow':
[ 130.018] name: uavcan_flow
[ 130.018] channel 0: node id 125 --> instance 0
[ 130.018] 
[ 130.018] Sensor 'mag':
[ 130.018] name: uavcan_mag
[ 130.018] 
[ 130.018] Sensor 'rangefinder':
[ 130.018] name: uavcan_rangefinder
[ 130.018] channel 0: node id 125 --> instance 0
[ 130.018] 
[ 130.018] Online nodes (Node ID, Health, Mode):
[ 130.018] 	 125 OK         OPERAT    
[ 130.018] 
[ 130.018] uavcan: cycle time: 19525 events, 79059424us elapsed, 4049.14us avg, min 9us max 1805318us 43988.813us rms
[ 130.018] uavcan: cycle interval: 19525 events, 6856.80us avg, min 17us max 1805322us 43736.129us rms
[ 130.018] nsh> [K
[ 131.922] --> sending: uavcan status
[ 132.023] nsh> [Kuavcan status
[ 132.023] Pool allocator status:
[ 132.023] 	Capacity hard/soft: 500/250 blocks
[ 132.023] 	Reserved:  34 blocks
[ 132.023] 	Allocated: 15 blocks
[ 132.023] 
[ 132.023] UAVCAN node status:
[ 132.023] 	Internal failures: 0
[ 132.023] 	Transfer errors:   4
[ 132.023] 	RX transfers:      770
[ 132.023] 	TX transfers:      2454
[ 132.023] 
[ 132.023] CAN1 status:
[ 132.023] 	HW errors: 98
[ 132.023] 	IO errors: 98
[ 132.023] 	RX frames: 2343
[ 132.023] 	TX frames: 3874
[ 132.023] CAN2 status:
[ 132.023] 	HW errors: 4153
[ 132.023] 	IO errors: 4169
[ 132.023] 	RX frames: 0
[ 132.023] 	TX frames: 3858
[ 132.023] 
[ 132.023] Sensor 'flow':
[ 132.023] name: uavcan_flow
[ 132.023] channel 0: node id 125 --> instance 0
[ 132.023] 
[ 132.023] Sensor 'mag':
[ 132.023] name: uavcan_mag
[ 132.023] 
[ 132.023] Sensor 'rangefinder':
[ 132.023] name: uavcan_rangefinder
[ 132.023] channel 0: node id 125 --> instance 0
[ 132.023] 
[ 132.023] Online nodes (Node ID, Health, Mode):
[ 132.023] 	 125 OK         OPERAT    
[ 132.023] 
[ 132.023] uavcan: cycle time: 21344 events, 79123005us elapsed, 3707.04us avg, min 8us max 1805318us 42087.922us rms
[ 132.023] uavcan: cycle interval: 21344 events, 6366.33us avg, min 16us max 1805322us 41863.090us rms
[ 132.023] nsh> [K
[ 132.301] === capture stopped ===
